Archive member included to satisfy reference by file (symbol)

c:/arm-gcc/10.2021.10/bin/../lib/gcc/arm-none-eabi/10.3.1/thumb/v6-m/nofp\libgcc.a(_dvmd_tls.o)
                              CMakeFiles/i2c.dir/C_/pico-sdk/src/rp2_common/pico_divider/divider.S.obj (__aeabi_idiv0)
c:/arm-gcc/10.2021.10/bin/../lib/gcc/arm-none-eabi/10.3.1/../../../../arm-none-eabi/lib/thumb/v6-m/nofp\libc.a(lib_a-calloc.o)
                              CMakeFiles/i2c.dir/C_/pico-sdk/src/rp2_common/pico_malloc/pico_malloc.c.obj (calloc)
c:/arm-gcc/10.2021.10/bin/../lib/gcc/arm-none-eabi/10.3.1/../../../../arm-none-eabi/lib/thumb/v6-m/nofp\libc.a(lib_a-callocr.o)
                              c:/arm-gcc/10.2021.10/bin/../lib/gcc/arm-none-eabi/10.3.1/../../../../arm-none-eabi/lib/thumb/v6-m/nofp\libc.a(lib_a-calloc.o) (_calloc_r)
c:/arm-gcc/10.2021.10/bin/../lib/gcc/arm-none-eabi/10.3.1/../../../../arm-none-eabi/lib/thumb/v6-m/nofp\libc.a(lib_a-errno.o)
                              c:/arm-gcc/10.2021.10/bin/../lib/gcc/arm-none-eabi/10.3.1/../../../../arm-none-eabi/lib/thumb/v6-m/nofp\libc.a(lib_a-callocr.o) (__errno)
c:/arm-gcc/10.2021.10/bin/../lib/gcc/arm-none-eabi/10.3.1/../../../../arm-none-eabi/lib/thumb/v6-m/nofp\libc.a(lib_a-impure.o)
                              c:/arm-gcc/10.2021.10/bin/../lib/gcc/arm-none-eabi/10.3.1/../../../../arm-none-eabi/lib/thumb/v6-m/nofp\libc.a(lib_a-calloc.o) (_impure_ptr)
c:/arm-gcc/10.2021.10/bin/../lib/gcc/arm-none-eabi/10.3.1/../../../../arm-none-eabi/lib/thumb/v6-m/nofp\libc.a(lib_a-init.o)
                              c:/arm-gcc/10.2021.10/bin/../lib/gcc/arm-none-eabi/10.3.1/../../../../arm-none-eabi/lib/thumb/v6-m/nofp/crt0.o (__libc_init_array)
c:/arm-gcc/10.2021.10/bin/../lib/gcc/arm-none-eabi/10.3.1/../../../../arm-none-eabi/lib/thumb/v6-m/nofp\libc.a(lib_a-malloc.o)
                              CMakeFiles/i2c.dir/C_/pico-sdk/src/rp2_common/pico_malloc/pico_malloc.c.obj (malloc)
c:/arm-gcc/10.2021.10/bin/../lib/gcc/arm-none-eabi/10.3.1/../../../../arm-none-eabi/lib/thumb/v6-m/nofp\libc.a(lib_a-mallocr.o)
                              c:/arm-gcc/10.2021.10/bin/../lib/gcc/arm-none-eabi/10.3.1/../../../../arm-none-eabi/lib/thumb/v6-m/nofp\libc.a(lib_a-callocr.o) (_malloc_r)
c:/arm-gcc/10.2021.10/bin/../lib/gcc/arm-none-eabi/10.3.1/../../../../arm-none-eabi/lib/thumb/v6-m/nofp\libc.a(lib_a-mlock.o)
                              c:/arm-gcc/10.2021.10/bin/../lib/gcc/arm-none-eabi/10.3.1/../../../../arm-none-eabi/lib/thumb/v6-m/nofp\libc.a(lib_a-mallocr.o) (__malloc_lock)
c:/arm-gcc/10.2021.10/bin/../lib/gcc/arm-none-eabi/10.3.1/../../../../arm-none-eabi/lib/thumb/v6-m/nofp\libc.a(lib_a-realloc.o)
                              CMakeFiles/i2c.dir/C_/pico-sdk/src/rp2_common/pico_malloc/pico_malloc.c.obj (realloc)
c:/arm-gcc/10.2021.10/bin/../lib/gcc/arm-none-eabi/10.3.1/../../../../arm-none-eabi/lib/thumb/v6-m/nofp\libc.a(lib_a-reallocr.o)
                              c:/arm-gcc/10.2021.10/bin/../lib/gcc/arm-none-eabi/10.3.1/../../../../arm-none-eabi/lib/thumb/v6-m/nofp\libc.a(lib_a-realloc.o) (_realloc_r)
c:/arm-gcc/10.2021.10/bin/../lib/gcc/arm-none-eabi/10.3.1/../../../../arm-none-eabi/lib/thumb/v6-m/nofp\libc.a(lib_a-sbrkr.o)
                              c:/arm-gcc/10.2021.10/bin/../lib/gcc/arm-none-eabi/10.3.1/../../../../arm-none-eabi/lib/thumb/v6-m/nofp\libc.a(lib_a-mallocr.o) (_sbrk_r)
c:/arm-gcc/10.2021.10/bin/../lib/gcc/arm-none-eabi/10.3.1/../../../../arm-none-eabi/lib/thumb/v6-m/nofp\libc.a(lib_a-strlen-stub.o)
                              CMakeFiles/i2c.dir/C_/pico-sdk/src/rp2_common/pico_stdio/stdio.c.obj (strlen)
c:/arm-gcc/10.2021.10/bin/../lib/gcc/arm-none-eabi/10.3.1/../../../../arm-none-eabi/lib/thumb/v6-m/nofp\libc.a(lib_a-freer.o)
                              c:/arm-gcc/10.2021.10/bin/../lib/gcc/arm-none-eabi/10.3.1/../../../../arm-none-eabi/lib/thumb/v6-m/nofp\libc.a(lib_a-malloc.o) (_free_r)
c:/arm-gcc/10.2021.10/bin/../lib/gcc/arm-none-eabi/10.3.1/../../../../arm-none-eabi/lib/thumb/v6-m/nofp\libc.a(lib_a-lock.o)
                              c:/arm-gcc/10.2021.10/bin/../lib/gcc/arm-none-eabi/10.3.1/../../../../arm-none-eabi/lib/thumb/v6-m/nofp\libc.a(lib_a-mlock.o) (__retarget_lock_acquire_recursive)
c:/arm-gcc/10.2021.10/bin/../lib/gcc/arm-none-eabi/10.3.1/../../../../arm-none-eabi/lib/thumb/v6-m/nofp\libc.a(lib_a-memmove.o)
                              c:/arm-gcc/10.2021.10/bin/../lib/gcc/arm-none-eabi/10.3.1/../../../../arm-none-eabi/lib/thumb/v6-m/nofp\libc.a(lib_a-reallocr.o) (memmove)
c:/arm-gcc/10.2021.10/bin/../lib/gcc/arm-none-eabi/10.3.1/../../../../arm-none-eabi/lib/thumb/v6-m/nofp\libc.a(lib_a-reent.o)
                              c:/arm-gcc/10.2021.10/bin/../lib/gcc/arm-none-eabi/10.3.1/../../../../arm-none-eabi/lib/thumb/v6-m/nofp\libc.a(lib_a-sbrkr.o) (errno)

Discarded input sections

 .text          0x00000000        0x0 c:/arm-gcc/10.2021.10/bin/../lib/gcc/arm-none-eabi/10.3.1/thumb/v6-m/nofp/crti.o
[...]
Memory Configuration

Name             Origin             Length             Attributes
FLASH            0x10000000         0x00200000         xr
RAM              0x20000000         0x00040000         xrw
SCRATCH_X        0x20040000         0x00001000         xrw
SCRATCH_Y        0x20041000         0x00001000         xrw
*default*        0x00000000         0xffffffff

Linker script and memory map

LOAD c:/arm-gcc/10.2021.10/bin/../lib/gcc/arm-none-eabi/10.3.1/thumb/v6-m/nofp/crti.o
LOAD c:/arm-gcc/10.2021.10/bin/../lib/gcc/arm-none-eabi/10.3.1/thumb/v6-m/nofp/crtbegin.o
LOAD c:/arm-gcc/10.2021.10/bin/../lib/gcc/arm-none-eabi/10.3.1/../../../../arm-none-eabi/lib/thumb/v6-m/nofp/crt0.o

.flash_begin    0x10000000        0x0
                0x10000000                __flash_binary_start = .

.boot2          0x10000000      0x100
                0x10000000                __boot2_start__ = .
 *(.boot2)
 .boot2         0x10000000      0x100 C:\Users\Cristian\AppData\Local\Temp\cccAKqel.o
                0x10000100                __boot2_end__ = .
                0x00000001                ASSERT (((__boot2_end__ - __boot2_start__) == 0x100), ERROR: Pico second stage bootloader must be 256 bytes in size)

.text           0x10000100     0x50c8
                0x10000100                __logical_binary_start = .
 *(.vectors)
 .vectors       0x10000100       0xd4 CMakeFiles/i2c.dir/C_/pico-sdk/src/rp2_common/pico_standard_link/crt0.S.obj
                0x10000100                __VECTOR_TABLE
                0x10000100                __vectors
                0x100001c0                isr_invalid
                0x100001c0                __default_isrs_start
                0x100001c2                isr_nmi
                0x100001c4                isr_hardfault
                0x100001c6                isr_svcall
                0x100001c8                isr_pendsv
                0x100001ca                isr_systick
                0x100001cc                isr_irq23
                0x100001cc                isr_irq18
                0x100001cc                isr_irq11
                0x100001cc                isr_irq28
                0x100001cc                isr_irq19
                0x100001cc                isr_irq0
                0x100001cc                isr_irq6
                0x100001cc                isr_irq5
                0x100001cc                isr_irq12
                0x100001cc                isr_irq22
                0x100001cc                isr_irq31
                0x100001cc                isr_irq17
                0x100001cc                isr_irq27
                0x100001cc                isr_irq30
                0x100001cc                isr_irq2
                0x100001cc                isr_irq10
                0x100001cc                isr_irq8
                0x100001cc                isr_irq24
                0x100001cc                isr_irq1
                0x100001cc                isr_irq7
                0x100001cc                isr_irq21
                0x100001cc                isr_irq20
                0x100001cc                isr_irq15
                0x100001cc                isr_irq25
                0x100001cc                isr_irq13
                0x100001cc                __unhandled_user_irq
                0x100001cc                isr_irq4
                0x100001cc                isr_irq16
                0x100001cc                isr_irq29
                0x100001cc                isr_irq26
                0x100001cc                __default_isrs_end
                0x100001cc                isr_irq3
                0x100001cc                isr_irq14
                0x100001cc                isr_irq9
                0x100001d2                unhandled_user_irq_num_in_r0
 *(.binary_info_header)
 .binary_info_header
                0x100001d4       0x14 CMakeFiles/i2c.dir/C_/pico-sdk/src/rp2_common/pico_standard_link/crt0.S.obj
                0x100001e8                __binary_info_header_end = .
 *(.reset)
 .reset         0x100001e8       0xa8 CMakeFiles/i2c.dir/C_/pico-sdk/src/rp2_common/pico_standard_link/crt0.S.obj
                0x100001e8                _entry_point
                0x10000266                __get_current_exception
 .reset         0x10000290       0x30 CMakeFiles/i2c.dir/C_/pico-sdk/src/rp2_common/pico_standard_link/binary_info.c.obj
 *(.init)
 .init          0x100002c0        0x4 c:/arm-gcc/10.2021.10/bin/../lib/gcc/arm-none-eabi/10.3.1/thumb/v6-m/nofp/crti.o
                0x100002c0                _init
 *(EXCLUDE_FILE(*libm.a: *libc.a:*lib_a-mem*.o *libgcc.a:) .text*)
 .text          0x100002c4       0x48 c:/arm-gcc/10.2021.10/bin/../lib/gcc/arm-none-eabi/10.3.1/thumb/v6-m/nofp/crtbegin.o
 .text.core1_entry
                0x1000030c       0x28 CMakeFiles/i2c.dir/main.c.obj
                0x1000030c                core1_entry
 .text.startup.main
                0x10000334       0x6c CMakeFiles/i2c.dir/main.c.obj
                0x10000334                main
 .text.gpio_set_function
                0x100003a0       0x30 CMakeFiles/i2c.dir/C_/pico-sdk/src/rp2_common/hardware_gpio/gpio.c.obj
                0x100003a0                gpio_set_function
 .text.gpio_set_pulls
                0x100003d0       0x30 CMakeFiles/i2c.dir/C_/pico-sdk/src/rp2_common/hardware_gpio/gpio.c.obj
                0x100003d0                gpio_set_pulls
 .text.gpio_init
                0x10000400       0x3c CMakeFiles/i2c.dir/C_/pico-sdk/src/rp2_common/hardware_gpio/gpio.c.obj
                0x10000400                gpio_init
 .text.hw_claim_or_assert
                0x1000043c       0x44 CMakeFiles/i2c.dir/C_/pico-sdk/src/rp2_common/hardware_claim/claim.c.obj
                0x1000043c                hw_claim_or_assert
 .text.hw_claim_unused_from_range
                0x10000480       0x9c CMakeFiles/i2c.dir/C_/pico-sdk/src/rp2_common/hardware_claim/claim.c.obj
                0x10000480                hw_claim_unused_from_range
 .text.running_on_fpga
                0x1000051c       0x10 CMakeFiles/i2c.dir/C_/pico-sdk/src/rp2_common/pico_platform/platform.c.obj
                0x1000051c                running_on_fpga
 .text.spin_locks_reset
                0x1000052c       0x1c CMakeFiles/i2c.dir/C_/pico-sdk/src/rp2_common/hardware_sync/sync.c.obj
                0x1000052c                spin_locks_reset
 .text.next_striped_spin_lock_num
                0x10000548       0x18 CMakeFiles/i2c.dir/C_/pico-sdk/src/rp2_common/hardware_sync/sync.c.obj
                0x10000548                next_striped_spin_lock_num
 .text.spin_lock_claim_unused
                0x10000560       0x20 CMakeFiles/i2c.dir/C_/pico-sdk/src/rp2_common/hardware_sync/sync.c.obj
                0x10000560                spin_lock_claim_unused
 .text.irq_set_enabled
                0x10000580       0x24 CMakeFiles/i2c.dir/C_/pico-sdk/src/rp2_common/hardware_irq/irq.c.obj
                0x10000580                irq_set_enabled
 .text.irq_is_enabled
                0x100005a4       0x18 CMakeFiles/i2c.dir/C_/pico-sdk/src/rp2_common/hardware_irq/irq.c.obj
                0x100005a4                irq_is_enabled
 .text.irq_set_pending
                0x100005bc       0x10 CMakeFiles/i2c.dir/C_/pico-sdk/src/rp2_common/hardware_irq/irq.c.obj
                0x100005bc                irq_set_pending
 .text.irq_has_shared_handler
                0x100005cc       0x2c CMakeFiles/i2c.dir/C_/pico-sdk/src/rp2_common/hardware_irq/irq.c.obj
                0x100005cc                irq_has_shared_handler
 .text.irq_get_vtable_handler
                0x100005f8       0x10 CMakeFiles/i2c.dir/C_/pico-sdk/src/rp2_common/hardware_irq/irq.c.obj
                0x100005f8                irq_get_vtable_handler
 .text.irq_set_exclusive_handler
                0x10000608       0x54 CMakeFiles/i2c.dir/C_/pico-sdk/src/rp2_common/hardware_irq/irq.c.obj
                0x10000608                irq_set_exclusive_handler
 .text.irq_add_shared_handler
                0x1000065c      0x1e4 CMakeFiles/i2c.dir/C_/pico-sdk/src/rp2_common/hardware_irq/irq.c.obj
                0x1000065c                irq_add_shared_handler
 .text.irq_remove_handler
                0x10000840      0x1b4 CMakeFiles/i2c.dir/C_/pico-sdk/src/rp2_common/hardware_irq/irq.c.obj
                0x10000840                irq_remove_handler
 .text.irq_add_tail_to_free_list
                0x100009f4       0xb4 CMakeFiles/i2c.dir/C_/pico-sdk/src/rp2_common/hardware_irq/irq.c.obj
                0x100009f4                irq_add_tail_to_free_list
 .text.irq_init_priorities
                0x10000aa8       0x24 CMakeFiles/i2c.dir/C_/pico-sdk/src/rp2_common/hardware_irq/irq.c.obj
                0x10000aa8                irq_init_priorities
 .text.user_irq_claim_unused
                0x10000acc       0x30 CMakeFiles/i2c.dir/C_/pico-sdk/src/rp2_common/hardware_irq/irq.c.obj
                0x10000acc                user_irq_claim_unused
 .text.lock_init
                0x10000afc       0x10 CMakeFiles/i2c.dir/C_/pico-sdk/src/common/pico_sync/lock_core.c.obj
                0x10000afc                lock_init
 .text.timer_pool_entry_comparator
                0x10000b0c       0x34 CMakeFiles/i2c.dir/C_/pico-sdk/src/common/pico_time/time.c.obj
                0x10000b0c                timer_pool_entry_comparator
 .text.sleep_until_callback
                0x10000b40       0x30 CMakeFiles/i2c.dir/C_/pico-sdk/src/common/pico_time/time.c.obj
 .text.add_alarm_under_lock.isra.0
                0x10000b70      0x100 CMakeFiles/i2c.dir/C_/pico-sdk/src/common/pico_time/time.c.obj
 .text.alarm_pool_alarm_callback
                0x10000c70      0x1c8 CMakeFiles/i2c.dir/C_/pico-sdk/src/common/pico_time/time.c.obj
 .text.alarm_pool_add_alarm_at.constprop.0
                0x10000e38      0x11c CMakeFiles/i2c.dir/C_/pico-sdk/src/common/pico_time/time.c.obj
 .text.alarm_pool_init_default
                0x10000f54       0x64 CMakeFiles/i2c.dir/C_/pico-sdk/src/common/pico_time/time.c.obj
                0x10000f54                alarm_pool_init_default
 .text.alarm_pool_get_default
                0x10000fb8        0x8 CMakeFiles/i2c.dir/C_/pico-sdk/src/common/pico_time/time.c.obj
                0x10000fb8                alarm_pool_get_default
 .text.alarm_pool_add_alarm_at
                0x10000fc0      0x194 CMakeFiles/i2c.dir/C_/pico-sdk/src/common/pico_time/time.c.obj
                0x10000fc0                alarm_pool_add_alarm_at
 .text.sleep_until
                0x10001154       0xac CMakeFiles/i2c.dir/C_/pico-sdk/src/common/pico_time/time.c.obj
                0x10001154                sleep_until
 .text.sleep_ms
                0x10001200       0x38 CMakeFiles/i2c.dir/C_/pico-sdk/src/common/pico_time/time.c.obj
                0x10001200                sleep_ms
 .text.best_effort_wfe_or_timeout
                0x10001238       0xd4 CMakeFiles/i2c.dir/C_/pico-sdk/src/common/pico_time/time.c.obj
                0x10001238                best_effort_wfe_or_timeout
 .text.hardware_alarm_irq_handler
                0x1000130c       0xb8 CMakeFiles/i2c.dir/C_/pico-sdk/src/rp2_common/hardware_timer/timer.c.obj
 .text.hardware_alarm_claim
                0x100013c4       0x18 CMakeFiles/i2c.dir/C_/pico-sdk/src/rp2_common/hardware_timer/timer.c.obj
                0x100013c4                hardware_alarm_claim
 .text.time_us_64
                0x100013dc       0x14 CMakeFiles/i2c.dir/C_/pico-sdk/src/rp2_common/hardware_timer/timer.c.obj
                0x100013dc                time_us_64
 .text.busy_wait_until
                0x100013f0       0x20 CMakeFiles/i2c.dir/C_/pico-sdk/src/rp2_common/hardware_timer/timer.c.obj
                0x100013f0                busy_wait_until
 .text.hardware_alarm_set_callback
                0x10001410       0x8c CMakeFiles/i2c.dir/C_/pico-sdk/src/rp2_common/hardware_timer/timer.c.obj
                0x10001410                hardware_alarm_set_callback
 .text.hardware_alarm_set_target
                0x1000149c       0xe0 CMakeFiles/i2c.dir/C_/pico-sdk/src/rp2_common/hardware_timer/timer.c.obj
                0x1000149c                hardware_alarm_set_target
 .text.hardware_alarm_cancel
                0x1000157c       0x3c CMakeFiles/i2c.dir/C_/pico-sdk/src/rp2_common/hardware_timer/timer.c.obj
                0x1000157c                hardware_alarm_cancel
 .text.ph_merge_nodes
                0x100015b8       0x68 CMakeFiles/i2c.dir/C_/pico-sdk/src/common/pico_util/pheap.c.obj
 .text.ph_post_alloc_init
                0x10001620       0x3c CMakeFiles/i2c.dir/C_/pico-sdk/src/common/pico_util/pheap.c.obj
                0x10001620                ph_post_alloc_init
 .text.ph_merge_two_pass
                0x1000165c       0x90 CMakeFiles/i2c.dir/C_/pico-sdk/src/common/pico_util/pheap.c.obj
                0x1000165c                ph_merge_two_pass
 .text.ph_remove_any_head
                0x100016ec       0xf8 CMakeFiles/i2c.dir/C_/pico-sdk/src/common/pico_util/pheap.c.obj
 .text.ph_remove_head
                0x100017e4       0xfc CMakeFiles/i2c.dir/C_/pico-sdk/src/common/pico_util/pheap.c.obj
                0x100017e4                ph_remove_head
 .text.ph_remove_and_free_node
                0x100018e0       0x7c CMakeFiles/i2c.dir/C_/pico-sdk/src/common/pico_util/pheap.c.obj
                0x100018e0                ph_remove_and_free_node
 .text.mutex_init
                0x1000195c       0x1c CMakeFiles/i2c.dir/C_/pico-sdk/src/common/pico_sync/mutex.c.obj
                0x1000195c                mutex_init
 .text.recursive_mutex_init
                0x10001978       0x1c CMakeFiles/i2c.dir/C_/pico-sdk/src/common/pico_sync/mutex.c.obj
                0x10001978                recursive_mutex_init
 .text.critical_section_init
                0x10001994       0x20 CMakeFiles/i2c.dir/C_/pico-sdk/src/common/pico_sync/critical_section.c.obj
                0x10001994                critical_section_init
 .text.runtime_init
                0x100019b4       0xf0 CMakeFiles/i2c.dir/C_/pico-sdk/src/rp2_common/pico_runtime/runtime.c.obj
                0x100019b4                runtime_init
 .text.exit     0x10001aa4        0x4 CMakeFiles/i2c.dir/C_/pico-sdk/src/rp2_common/pico_runtime/runtime.c.obj
                0x10001aa4                exit
 .text.panic    0x10001aa8       0x30 CMakeFiles/i2c.dir/C_/pico-sdk/src/rp2_common/pico_runtime/runtime.c.obj
                0x10001aa8                panic
 .text.hard_assertion_failure
                0x10001ad8        0xc CMakeFiles/i2c.dir/C_/pico-sdk/src/rp2_common/pico_runtime/runtime.c.obj
                0x10001ad8                hard_assertion_failure
 .text.clocks_init
                0x10001ae4      0x2bc CMakeFiles/i2c.dir/C_/pico-sdk/src/rp2_common/hardware_clocks/clocks.c.obj
                0x10001ae4                clocks_init
 .text.clock_get_hz
                0x10001da0        0xc CMakeFiles/i2c.dir/C_/pico-sdk/src/rp2_common/hardware_clocks/clocks.c.obj
                0x10001da0                clock_get_hz
 .text.pll_init
                0x10001dac       0xb0 CMakeFiles/i2c.dir/C_/pico-sdk/src/rp2_common/hardware_pll/pll.c.obj
                0x10001dac                pll_init
 .text.watchdog_start_tick
                0x10001e5c       0x10 CMakeFiles/i2c.dir/C_/pico-sdk/src/rp2_common/hardware_watchdog/watchdog.c.obj
                0x10001e5c                watchdog_start_tick
 .text.watchdog_reboot
                0x10001e6c       0x98 CMakeFiles/i2c.dir/C_/pico-sdk/src/rp2_common/hardware_watchdog/watchdog.c.obj
                0x10001e6c                watchdog_reboot
 .text.xosc_init
                0x10001f04       0x28 CMakeFiles/i2c.dir/C_/pico-sdk/src/rp2_common/hardware_xosc/xosc.c.obj
                0x10001f04                xosc_init
 .text._out_char
                0x10001f2c       0x10 CMakeFiles/i2c.dir/C_/pico-sdk/src/rp2_common/pico_printf/printf.c.obj
 .text.weak_raw_vprintf
                0x10001f3c       0x30 CMakeFiles/i2c.dir/C_/pico-sdk/src/rp2_common/pico_printf/printf.c.obj
                0x10001f3c                weak_raw_vprintf
 .text          0x10001f6c       0x10 CMakeFiles/i2c.dir/C_/pico-sdk/src/rp2_common/pico_bit_ops/bit_ops_aeabi.S.obj
 .text.rom_func_lookup
                0x10001f7c       0x10 CMakeFiles/i2c.dir/C_/pico-sdk/src/rp2_common/pico_bootrom/bootrom.c.obj
                0x10001f7c                rom_func_lookup
 .text.rom_data_lookup
                0x10001f8c       0x10 CMakeFiles/i2c.dir/C_/pico-sdk/src/rp2_common/pico_bootrom/bootrom.c.obj
                0x10001f8c                rom_data_lookup
 .text.rom_funcs_lookup
                0x10001f9c       0x44 CMakeFiles/i2c.dir/C_/pico-sdk/src/rp2_common/pico_bootrom/bootrom.c.obj
                0x10001f9c                rom_funcs_lookup
 .text.__wrap___aeabi_uidiv
                0x10001fe0       0x4c CMakeFiles/i2c.dir/C_/pico-sdk/src/rp2_common/pico_divider/divider.S.obj
                0x10001fe0                __wrap___aeabi_uidiv
                0x10001fe0                __wrap___aeabi_uidivmod
                0x10001fe0                div_u32u32
                0x10001fe0                divmod_u32u32
                0x10001fe8                divmod_u32u32_unsafe
                0x10002010                divmod_u32u32_savestate
 .text.__aeabi_double_init
                0x1000202c       0x94 CMakeFiles/i2c.dir/C_/pico-sdk/src/rp2_common/pico_double/double_init_rom.c.obj
                0x1000202c                __aeabi_double_init
 .text.double_table_shim_on_use_helper
                0x100020c0       0x2c CMakeFiles/i2c.dir/C_/pico-sdk/src/rp2_common/pico_double/double_v1_rom_shim.S.obj
                0x100020c0                double_table_shim_on_use_helper
 .text.__aeabi_lmul
                0x100020ec       0x32 CMakeFiles/i2c.dir/C_/pico-sdk/src/rp2_common/pico_int64_ops/pico_int64_ops_aeabi.S.obj
                0x100020ec                __wrap___aeabi_lmul
 *fill*         0x1000211e        0x2 
 .text.__aeabi_float_init
                0x10002120       0x64 CMakeFiles/i2c.dir/C_/pico-sdk/src/rp2_common/pico_float/float_init_rom.c.obj
                0x10002120                __aeabi_float_init
 .text.float_table_shim_on_use_helper
                0x10002184       0x2c CMakeFiles/i2c.dir/C_/pico-sdk/src/rp2_common/pico_float/float_v1_rom_shim.S.obj
                0x10002184                float_table_shim_on_use_helper
 .text          0x100021b0       0x10 CMakeFiles/i2c.dir/C_/pico-sdk/src/rp2_common/pico_mem_ops/mem_ops_aeabi.S.obj
                0x100021b0                __aeabi_mem_init
 .text.memset   0x100021c0        0xc CMakeFiles/i2c.dir/C_/pico-sdk/src/rp2_common/pico_mem_ops/mem_ops_aeabi.S.obj
                0x100021c0                __wrap_memset
 .text.memcpy   0x100021cc        0xc CMakeFiles/i2c.dir/C_/pico-sdk/src/rp2_common/pico_mem_ops/mem_ops_aeabi.S.obj
                0x100021cc                __wrap_memcpy
                0x100021cc                __wrap___aeabi_memcpy
 .text.stdio_out_chars_no_crlf
                0x100021d8       0x10 CMakeFiles/i2c.dir/C_/pico-sdk/src/rp2_common/pico_stdio/stdio.c.obj
 .text.stdio_out_chars_crlf
                0x100021e8       0xb4 CMakeFiles/i2c.dir/C_/pico-sdk/src/rp2_common/pico_stdio/stdio.c.obj
 .text.stdio_put_string.isra.0
                0x1000229c       0xfc CMakeFiles/i2c.dir/C_/pico-sdk/src/rp2_common/pico_stdio/stdio.c.obj
 .text.__wrap_putchar
                0x10002398       0xa0 CMakeFiles/i2c.dir/C_/pico-sdk/src/rp2_common/pico_stdio/stdio.c.obj
                0x10002398                __wrap_putchar
 .text.__wrap_puts
                0x10002438       0x3c CMakeFiles/i2c.dir/C_/pico-sdk/src/rp2_common/pico_stdio/stdio.c.obj
                0x10002438                __wrap_puts
 .text.stdio_set_driver_enabled
                0x10002474       0x30 CMakeFiles/i2c.dir/C_/pico-sdk/src/rp2_common/pico_stdio/stdio.c.obj
                0x10002474                stdio_set_driver_enabled
 .text.stdio_init_all
                0x100024a4        0x8 CMakeFiles/i2c.dir/C_/pico-sdk/src/rp2_common/pico_stdio/stdio.c.obj
                0x100024a4                stdio_init_all
 .text.resetd_init
                0x100024ac        0x4 CMakeFiles/i2c.dir/C_/pico-sdk/src/rp2_common/pico_stdio_usb/reset_interface.c.obj
 .text.resetd_reset
                0x100024b0        0xc CMakeFiles/i2c.dir/C_/pico-sdk/src/rp2_common/pico_stdio_usb/reset_interface.c.obj
 .text.resetd_open
                0x100024bc       0x28 CMakeFiles/i2c.dir/C_/pico-sdk/src/rp2_common/pico_stdio_usb/reset_interface.c.obj
 .text.resetd_xfer_cb
                0x100024e4        0x4 CMakeFiles/i2c.dir/C_/pico-sdk/src/rp2_common/pico_stdio_usb/reset_interface.c.obj
 .text.resetd_control_xfer_cb
                0x100024e8       0x64 CMakeFiles/i2c.dir/C_/pico-sdk/src/rp2_common/pico_stdio_usb/reset_interface.c.obj
 .text.usbd_app_driver_get_cb
                0x1000254c        0xc CMakeFiles/i2c.dir/C_/pico-sdk/src/rp2_common/pico_stdio_usb/reset_interface.c.obj
                0x1000254c                usbd_app_driver_get_cb
 .text.tud_cdc_line_coding_cb
                0x10002558       0x34 CMakeFiles/i2c.dir/C_/pico-sdk/src/rp2_common/pico_stdio_usb/reset_interface.c.obj
                0x10002558                tud_cdc_line_coding_cb
 .text.stdio_usb_in_chars
                0x1000258c       0x68 CMakeFiles/i2c.dir/C_/pico-sdk/src/rp2_common/pico_stdio_usb/stdio_usb.c.obj
                0x1000258c                stdio_usb_in_chars
 .text.stdio_usb_out_chars
                0x100025f4       0xe4 CMakeFiles/i2c.dir/C_/pico-sdk/src/rp2_common/pico_stdio_usb/stdio_usb.c.obj
 .text.timer_task
                0x100026d8       0x18 CMakeFiles/i2c.dir/C_/pico-sdk/src/rp2_common/pico_stdio_usb/stdio_usb.c.obj
 .text.usb_irq  0x100026f0       0x10 CMakeFiles/i2c.dir/C_/pico-sdk/src/rp2_common/pico_stdio_usb/stdio_usb.c.obj
 .text.low_priority_worker_irq
                0x10002700       0x24 CMakeFiles/i2c.dir/C_/pico-sdk/src/rp2_common/pico_stdio_usb/stdio_usb.c.obj
 .text.stdio_usb_init
                0x10002724       0xb0 CMakeFiles/i2c.dir/C_/pico-sdk/src/rp2_common/pico_stdio_usb/stdio_usb.c.obj
                0x10002724                stdio_usb_init
 .text.tud_descriptor_device_cb
                0x100027d4        0x8 CMakeFiles/i2c.dir/C_/pico-sdk/src/rp2_common/pico_stdio_usb/stdio_usb_descriptors.c.obj
                0x100027d4                tud_descriptor_device_cb
 .text.tud_descriptor_configuration_cb
                0x100027dc        0x8 CMakeFiles/i2c.dir/C_/pico-sdk/src/rp2_common/pico_stdio_usb/stdio_usb_descriptors.c.obj
                0x100027dc                tud_descriptor_configuration_cb
 .text.tud_descriptor_string_cb
                0x100027e4       0x74 CMakeFiles/i2c.dir/C_/pico-sdk/src/rp2_common/pico_stdio_usb/stdio_usb_descriptors.c.obj
                0x100027e4                tud_descriptor_string_cb
 .text.dcd_rp2040_irq
                0x10002858      0x21c CMakeFiles/i2c.dir/C_/pico-sdk/lib/tinyusb/src/portable/raspberrypi/rp2040/dcd_rp2040.c.obj
 .text.dcd_int_enable
                0x10002a74        0xc CMakeFiles/i2c.dir/C_/pico-sdk/lib/tinyusb/src/portable/raspberrypi/rp2040/dcd_rp2040.c.obj
                0x10002a74                dcd_int_enable
 .text.dcd_set_address
                0x10002a80       0x14 CMakeFiles/i2c.dir/C_/pico-sdk/lib/tinyusb/src/portable/raspberrypi/rp2040/dcd_rp2040.c.obj
                0x10002a80                dcd_set_address
 .text.dcd_connect
                0x10002a94       0x10 CMakeFiles/i2c.dir/C_/pico-sdk/lib/tinyusb/src/portable/raspberrypi/rp2040/dcd_rp2040.c.obj
                0x10002a94                dcd_connect
 .text.dcd_init
                0x10002aa4      0x144 CMakeFiles/i2c.dir/C_/pico-sdk/lib/tinyusb/src/portable/raspberrypi/rp2040/dcd_rp2040.c.obj
                0x10002aa4                dcd_init
 .text.dcd_edpt0_status_complete
                0x10002be8       0x1c CMakeFiles/i2c.dir/C_/pico-sdk/lib/tinyusb/src/portable/raspberrypi/rp2040/dcd_rp2040.c.obj
                0x10002be8                dcd_edpt0_status_complete
 .text.dcd_edpt_open
                0x10002c04       0xf0 CMakeFiles/i2c.dir/C_/pico-sdk/lib/tinyusb/src/portable/raspberrypi/rp2040/dcd_rp2040.c.obj
                0x10002c04                dcd_edpt_open
 .text.dcd_edpt_close_all
                0x10002cf4       0xbc CMakeFiles/i2c.dir/C_/pico-sdk/lib/tinyusb/src/portable/raspberrypi/rp2040/dcd_rp2040.c.obj
                0x10002cf4                dcd_edpt_close_all
 .text.dcd_edpt_xfer
                0x10002db0       0x24 CMakeFiles/i2c.dir/C_/pico-sdk/lib/tinyusb/src/portable/raspberrypi/rp2040/dcd_rp2040.c.obj
                0x10002db0                dcd_edpt_xfer
 .text.dcd_edpt_stall
                0x10002dd4       0x38 CMakeFiles/i2c.dir/C_/pico-sdk/lib/tinyusb/src/portable/raspberrypi/rp2040/dcd_rp2040.c.obj
                0x10002dd4                dcd_edpt_stall
 .text.dcd_edpt_clear_stall
                0x10002e0c       0x30 CMakeFiles/i2c.dir/C_/pico-sdk/lib/tinyusb/src/portable/raspberrypi/rp2040/dcd_rp2040.c.obj
                0x10002e0c                dcd_edpt_clear_stall
 .text._hw_endpoint_buffer_control_update32.part.0.isra.0
                0x10002e3c       0x1c CMakeFiles/i2c.dir/C_/pico-sdk/lib/tinyusb/src/portable/raspberrypi/rp2040/rp2040_usb.c.obj
 .text.rp2040_usb_init
                0x10002e58       0x4c CMakeFiles/i2c.dir/C_/pico-sdk/lib/tinyusb/src/portable/raspberrypi/rp2040/rp2040_usb.c.obj
                0x10002e58                rp2040_usb_init
 .text.hw_endpoint_reset_transfer
                0x10002ea4        0xc CMakeFiles/i2c.dir/C_/pico-sdk/lib/tinyusb/src/portable/raspberrypi/rp2040/rp2040_usb.c.obj
                0x10002ea4                hw_endpoint_reset_transfer
 .text._hw_endpoint_buffer_control_update32
                0x10002eb0       0x44 CMakeFiles/i2c.dir/C_/pico-sdk/lib/tinyusb/src/portable/raspberrypi/rp2040/rp2040_usb.c.obj
                0x10002eb0                _hw_endpoint_buffer_control_update32
 .text.hw_endpoint_xfer_start
                0x10002ef4      0x138 CMakeFiles/i2c.dir/C_/pico-sdk/lib/tinyusb/src/portable/raspberrypi/rp2040/rp2040_usb.c.obj
                0x10002ef4                hw_endpoint_xfer_start
 .text.hw_endpoint_xfer_continue
                0x1000302c      0x1e4 CMakeFiles/i2c.dir/C_/pico-sdk/lib/tinyusb/src/portable/raspberrypi/rp2040/rp2040_usb.c.obj
                0x1000302c                hw_endpoint_xfer_continue
 .text.tud_mounted
                0x10003210       0x10 CMakeFiles/i2c.dir/C_/pico-sdk/lib/tinyusb/src/device/usbd.c.obj
                0x10003210                tud_mounted
 .text.tud_suspended
                0x10003220       0x10 CMakeFiles/i2c.dir/C_/pico-sdk/lib/tinyusb/src/device/usbd.c.obj
                0x10003220                tud_suspended
 .text.tud_inited
                0x10003230        0xc CMakeFiles/i2c.dir/C_/pico-sdk/lib/tinyusb/src/device/usbd.c.obj
                0x10003230                tud_inited
 .text.tud_init
                0x1000323c       0xd8 CMakeFiles/i2c.dir/C_/pico-sdk/lib/tinyusb/src/device/usbd.c.obj
                0x1000323c                tud_init
 .text.tud_task
                0x10003314      0x8ec CMakeFiles/i2c.dir/C_/pico-sdk/lib/tinyusb/src/device/usbd.c.obj
                0x10003314                tud_task
 .text.dcd_event_bus_signal
                0x10003c00      0x120 CMakeFiles/i2c.dir/C_/pico-sdk/lib/tinyusb/src/device/usbd.c.obj
                0x10003c00                dcd_event_bus_signal
 .text.dcd_event_bus_reset
                0x10003d20       0x54 CMakeFiles/i2c.dir/C_/pico-sdk/lib/tinyusb/src/device/usbd.c.obj
                0x10003d20                dcd_event_bus_reset
 .text.dcd_event_setup_received
                0x10003d74       0x50 CMakeFiles/i2c.dir/C_/pico-sdk/lib/tinyusb/src/device/usbd.c.obj
                0x10003d74                dcd_event_setup_received
 .text.dcd_event_xfer_complete
                0x10003dc4       0x68 CMakeFiles/i2c.dir/C_/pico-sdk/lib/tinyusb/src/device/usbd.c.obj
                0x10003dc4                dcd_event_xfer_complete
 .text.usbd_open_edpt_pair
                0x10003e2c       0x80 CMakeFiles/i2c.dir/C_/pico-sdk/lib/tinyusb/src/device/usbd.c.obj
                0x10003e2c                usbd_open_edpt_pair
 .text.usbd_edpt_open
                0x10003eac       0x30 CMakeFiles/i2c.dir/C_/pico-sdk/lib/tinyusb/src/device/usbd.c.obj
                0x10003eac                usbd_edpt_open
 .text.usbd_edpt_claim
                0x10003edc       0x64 CMakeFiles/i2c.dir/C_/pico-sdk/lib/tinyusb/src/device/usbd.c.obj
                0x10003edc                usbd_edpt_claim
 .text.usbd_edpt_release
                0x10003f40       0x4c CMakeFiles/i2c.dir/C_/pico-sdk/lib/tinyusb/src/device/usbd.c.obj
                0x10003f40                usbd_edpt_release
 .text.usbd_edpt_xfer
                0x10003f8c       0x48 CMakeFiles/i2c.dir/C_/pico-sdk/lib/tinyusb/src/device/usbd.c.obj
                0x10003f8c                usbd_edpt_xfer
 .text.tud_control_status
                0x10003fd4       0x30 CMakeFiles/i2c.dir/C_/pico-sdk/lib/tinyusb/src/device/usbd_control.c.obj
                0x10003fd4                tud_control_status
 .text.tud_control_xfer
                0x10004004       0xbc CMakeFiles/i2c.dir/C_/pico-sdk/lib/tinyusb/src/device/usbd_control.c.obj
                0x10004004                tud_control_xfer
 .text.usbd_control_reset
                0x100040c0       0x14 CMakeFiles/i2c.dir/C_/pico-sdk/lib/tinyusb/src/device/usbd_control.c.obj
                0x100040c0                usbd_control_reset
 .text.usbd_control_set_complete_callback
                0x100040d4        0xc CMakeFiles/i2c.dir/C_/pico-sdk/lib/tinyusb/src/device/usbd_control.c.obj
                0x100040d4                usbd_control_set_complete_callback
 .text.usbd_control_set_request
                0x100040e0       0x1c CMakeFiles/i2c.dir/C_/pico-sdk/lib/tinyusb/src/device/usbd_control.c.obj
                0x100040e0                usbd_control_set_request
 .text.usbd_control_xfer_cb
                0x100040fc       0xfc CMakeFiles/i2c.dir/C_/pico-sdk/lib/tinyusb/src/device/usbd_control.c.obj
                0x100040fc                usbd_control_xfer_cb
 .text.tud_cdc_n_connected
                0x100041f8       0x30 CMakeFiles/i2c.dir/C_/pico-sdk/lib/tinyusb/src/class/cdc/cdc_device.c.obj
                0x100041f8                tud_cdc_n_connected
 .text.tud_cdc_n_available
                0x10004228       0x18 CMakeFiles/i2c.dir/C_/pico-sdk/lib/tinyusb/src/class/cdc/cdc_device.c.obj
                0x10004228                tud_cdc_n_available
 .text.tud_cdc_n_read
                0x10004240       0x70 CMakeFiles/i2c.dir/C_/pico-sdk/lib/tinyusb/src/class/cdc/cdc_device.c.obj
                0x10004240                tud_cdc_n_read
 .text.tud_cdc_n_write_flush
                0x100042b0       0x78 CMakeFiles/i2c.dir/C_/pico-sdk/lib/tinyusb/src/class/cdc/cdc_device.c.obj
                0x100042b0                tud_cdc_n_write_flush
 .text.tud_cdc_n_write
                0x10004328       0x34 CMakeFiles/i2c.dir/C_/pico-sdk/lib/tinyusb/src/class/cdc/cdc_device.c.obj
                0x10004328                tud_cdc_n_write
 .text.tud_cdc_n_write_available
                0x1000435c       0x18 CMakeFiles/i2c.dir/C_/pico-sdk/lib/tinyusb/src/class/cdc/cdc_device.c.obj
                0x1000435c                tud_cdc_n_write_available
 .text.cdcd_init
                0x10004374       0x7c CMakeFiles/i2c.dir/C_/pico-sdk/lib/tinyusb/src/class/cdc/cdc_device.c.obj
                0x10004374                cdcd_init
 .text.cdcd_reset
                0x100043f0       0x2c CMakeFiles/i2c.dir/C_/pico-sdk/lib/tinyusb/src/class/cdc/cdc_device.c.obj
                0x100043f0                cdcd_reset
 .text.cdcd_open
                0x1000441c       0xe4 CMakeFiles/i2c.dir/C_/pico-sdk/lib/tinyusb/src/class/cdc/cdc_device.c.obj
                0x1000441c                cdcd_open
 .text.cdcd_control_xfer_cb
                0x10004500       0xe4 CMakeFiles/i2c.dir/C_/pico-sdk/lib/tinyusb/src/class/cdc/cdc_device.c.obj
                0x10004500                cdcd_control_xfer_cb
 .text.cdcd_xfer_cb
                0x100045e4      0x148 CMakeFiles/i2c.dir/C_/pico-sdk/lib/tinyusb/src/class/cdc/cdc_device.c.obj
                0x100045e4                cdcd_xfer_cb
 .text.tusb_init
                0x1000472c        0xc CMakeFiles/i2c.dir/C_/pico-sdk/lib/tinyusb/src/tusb.c.obj
                0x1000472c                tusb_init
 .text.tusb_inited
                0x10004738        0x8 CMakeFiles/i2c.dir/C_/pico-sdk/lib/tinyusb/src/tusb.c.obj
                0x10004738                tusb_inited
 .text.tu_edpt_validate
                0x10004740       0x78 CMakeFiles/i2c.dir/C_/pico-sdk/lib/tinyusb/src/tusb.c.obj
                0x10004740                tu_edpt_validate
 .text.tu_edpt_bind_driver
                0x100047b8       0x2c CMakeFiles/i2c.dir/C_/pico-sdk/lib/tinyusb/src/tusb.c.obj
                0x100047b8                tu_edpt_bind_driver
 .text.tu_fifo_config
                0x100047e4       0x78 CMakeFiles/i2c.dir/C_/pico-sdk/lib/tinyusb/src/common/tusb_fifo.c.obj
                0x100047e4                tu_fifo_config
 .text.tu_fifo_count
                0x1000485c       0x20 CMakeFiles/i2c.dir/C_/pico-sdk/lib/tinyusb/src/common/tusb_fifo.c.obj
                0x1000485c                tu_fifo_count
 .text.tu_fifo_empty
                0x1000487c       0x10 CMakeFiles/i2c.dir/C_/pico-sdk/lib/tinyusb/src/common/tusb_fifo.c.obj
                0x1000487c                tu_fifo_empty
 .text.tu_fifo_remaining
                0x1000488c       0x1c CMakeFiles/i2c.dir/C_/pico-sdk/lib/tinyusb/src/common/tusb_fifo.c.obj
                0x1000488c                tu_fifo_remaining
 .text.tu_fifo_read
                0x100048a8       0x9c CMakeFiles/i2c.dir/C_/pico-sdk/lib/tinyusb/src/common/tusb_fifo.c.obj
                0x100048a8                tu_fifo_read
 .text.tu_fifo_read_n
                0x10004944      0x100 CMakeFiles/i2c.dir/C_/pico-sdk/lib/tinyusb/src/common/tusb_fifo.c.obj
                0x10004944                tu_fifo_read_n
 .text.tu_fifo_write
                0x10004a44       0x7c CMakeFiles/i2c.dir/C_/pico-sdk/lib/tinyusb/src/common/tusb_fifo.c.obj
                0x10004a44                tu_fifo_write
 .text.tu_fifo_write_n
                0x10004ac0      0x100 CMakeFiles/i2c.dir/C_/pico-sdk/lib/tinyusb/src/common/tusb_fifo.c.obj
                0x10004ac0                tu_fifo_write_n
 .text.tu_fifo_clear
                0x10004bc0       0x4c CMakeFiles/i2c.dir/C_/pico-sdk/lib/tinyusb/src/common/tusb_fifo.c.obj
                0x10004bc0                tu_fifo_clear
 .text.tu_fifo_set_overwritable
                0x10004c0c       0x3c CMakeFiles/i2c.dir/C_/pico-sdk/lib/tinyusb/src/common/tusb_fifo.c.obj
                0x10004c0c                tu_fifo_set_overwritable
 .text.startup._retrieve_unique_id_on_boot
                0x10004c48       0x10 CMakeFiles/i2c.dir/C_/pico-sdk/src/rp2_common/pico_unique_id/unique_id.c.obj
 .text.pico_get_unique_board_id_string
                0x10004c58      0x1a8 CMakeFiles/i2c.dir/C_/pico-sdk/src/rp2_common/pico_unique_id/unique_id.c.obj
                0x10004c58                pico_get_unique_board_id_string
 .text.flash_get_unique_id
                0x10004e00       0x40 CMakeFiles/i2c.dir/C_/pico-sdk/src/rp2_common/hardware_flash/flash.c.obj
                0x10004e00                flash_get_unique_id
 .text.i2c_set_baudrate
                0x10004e40       0xc4 CMakeFiles/i2c.dir/C_/pico-sdk/src/rp2_common/hardware_i2c/i2c.c.obj
                0x10004e40                i2c_set_baudrate
 .text.i2c_init
                0x10004f04       0x54 CMakeFiles/i2c.dir/C_/pico-sdk/src/rp2_common/hardware_i2c/i2c.c.obj
                0x10004f04                i2c_init
 .text.i2c_write_blocking
                0x10004f58       0xd0 CMakeFiles/i2c.dir/C_/pico-sdk/src/rp2_common/hardware_i2c/i2c.c.obj
                0x10004f58                i2c_write_blocking
 .text.core1_trampoline
                0x10005028        0x4 CMakeFiles/i2c.dir/C_/pico-sdk/src/rp2_common/pico_multicore/multicore.c.obj
 .text.core1_wrapper
                0x1000502c        0xc CMakeFiles/i2c.dir/C_/pico-sdk/src/rp2_common/pico_multicore/multicore.c.obj
                0x1000502c                core1_wrapper
 .text.multicore_launch_core1_raw
                0x10005038       0x84 CMakeFiles/i2c.dir/C_/pico-sdk/src/rp2_common/pico_multicore/multicore.c.obj
                0x10005038                multicore_launch_core1_raw
 .text.multicore_launch_core1
                0x100050bc       0x4c CMakeFiles/i2c.dir/C_/pico-sdk/src/rp2_common/pico_multicore/multicore.c.obj
                0x100050bc                multicore_launch_core1
 .text.strlen   0x10005108       0x5c c:/arm-gcc/10.2021.10/bin/../lib/gcc/arm-none-eabi/10.3.1/../../../../arm-none-eabi/lib/thumb/v6-m/nofp\libc.a(lib_a-strlen-stub.o)
                0x10005108                strlen
 *(.fini)
 .fini          0x10005164        0x4 c:/arm-gcc/10.2021.10/bin/../lib/gcc/arm-none-eabi/10.3.1/thumb/v6-m/nofp/crti.o
                0x10005164                _fini
 .fini.__stub   0x10005168       0x60 linker stubs
 *crtbegin.o(.ctors)
 *crtbegin?.o(.ctors)
 *(EXCLUDE_FILE(*crtend.o *crtend?.o) .ctors)
 *(SORT_BY_NAME(.ctors.*))
 *(.ctors)
 *crtbegin.o(.dtors)
 *crtbegin?.o(.dtors)
 *(EXCLUDE_FILE(*crtend.o *crtend?.o) .dtors)
 *(SORT_BY_NAME(.dtors.*))
 *(.dtors)
 *(.eh_frame*)
 .eh_frame      0x100051c8        0x0 c:/arm-gcc/10.2021.10/bin/../lib/gcc/arm-none-eabi/10.3.1/thumb/v6-m/nofp/crtbegin.o
                0x100051c8                . = ALIGN (0x4)

.glue_7         0x100051c8        0x0
 .glue_7        0x100051c8        0x0 linker stubs

.glue_7t        0x100051c8        0x0
 .glue_7t       0x100051c8        0x0 linker stubs

.vfp11_veneer   0x100051c8        0x0
 .vfp11_veneer  0x100051c8        0x0 linker stubs

.v4_bx          0x100051c8        0x0
 .v4_bx         0x100051c8        0x0 linker stubs

.iplt           0x100051c8        0x0
 .iplt          0x100051c8        0x0 c:/arm-gcc/10.2021.10/bin/../lib/gcc/arm-none-eabi/10.3.1/thumb/v6-m/nofp/crtbegin.o

.rodata         0x100051c8      0x2cc
 *(EXCLUDE_FILE(*libm.a: *libc.a:*lib_a-mem*.o *libgcc.a:) .rodata*)
 .rodata.spin_lock_claim_unused.str1.4
                0x100051c8       0x1b CMakeFiles/i2c.dir/C_/pico-sdk/src/rp2_common/hardware_sync/sync.c.obj
 *fill*         0x100051e3        0x1 
 .rodata.user_irq_claim_unused.str1.4
                0x100051e4       0x1b CMakeFiles/i2c.dir/C_/pico-sdk/src/rp2_common/hardware_irq/irq.c.obj
 *fill*         0x100051ff        0x1 
 .rodata.hardware_alarm_claim.str1.4
                0x10005200       0x22 CMakeFiles/i2c.dir/C_/pico-sdk/src/rp2_common/hardware_timer/timer.c.obj
 *fill*         0x10005222        0x2 
 .rodata.panic.str1.4
                0x10005224       0x12 CMakeFiles/i2c.dir/C_/pico-sdk/src/rp2_common/pico_runtime/runtime.c.obj
 *fill*         0x10005236        0x2 
 .rodata.hard_assertion_failure.str1.4
                0x10005238        0xc CMakeFiles/i2c.dir/C_/pico-sdk/src/rp2_common/pico_runtime/runtime.c.obj
 .rodata.str1.4
                0x10005244       0x38 CMakeFiles/i2c.dir/C_/pico-sdk/src/rp2_common/pico_standard_link/binary_info.c.obj
 .rodata.__bi_44
                0x1000527c        0xc CMakeFiles/i2c.dir/C_/pico-sdk/src/rp2_common/pico_standard_link/binary_info.c.obj
 .rodata.__bi_75
                0x10005288        0xc CMakeFiles/i2c.dir/C_/pico-sdk/src/rp2_common/pico_standard_link/binary_info.c.obj
 .rodata.__bi_81
                0x10005294        0xc CMakeFiles/i2c.dir/C_/pico-sdk/src/rp2_common/pico_standard_link/binary_info.c.obj
 .rodata.crlf_str.0
                0x100052a0        0x2 CMakeFiles/i2c.dir/C_/pico-sdk/src/rp2_common/pico_stdio/stdio.c.obj
 *fill*         0x100052a2        0x2 
 .rodata._resetd_driver
                0x100052a4       0x18 CMakeFiles/i2c.dir/C_/pico-sdk/src/rp2_common/pico_stdio_usb/reset_interface.c.obj
 .rodata.str1.4
                0x100052bc       0x13 CMakeFiles/i2c.dir/C_/pico-sdk/src/rp2_common/pico_stdio_usb/stdio_usb.c.obj
 *fill*         0x100052cf        0x1 
 .rodata.__bi_118.0
                0x100052d0        0xc CMakeFiles/i2c.dir/C_/pico-sdk/src/rp2_common/pico_stdio_usb/stdio_usb.c.obj
 .rodata.str1.4
                0x100052dc       0x2a CMakeFiles/i2c.dir/C_/pico-sdk/src/rp2_common/pico_stdio_usb/stdio_usb_descriptors.c.obj
 *fill*         0x10005306        0x2 
 .rodata.usbd_desc_cfg
                0x10005308       0x54 CMakeFiles/i2c.dir/C_/pico-sdk/src/rp2_common/pico_stdio_usb/stdio_usb_descriptors.c.obj
 .rodata.usbd_desc_device
                0x1000535c       0x12 CMakeFiles/i2c.dir/C_/pico-sdk/src/rp2_common/pico_stdio_usb/stdio_usb_descriptors.c.obj
 *fill*         0x1000536e        0x2 
 .rodata.usbd_desc_str
                0x10005370       0x18 CMakeFiles/i2c.dir/C_/pico-sdk/src/rp2_common/pico_stdio_usb/stdio_usb_descriptors.c.obj
 .rodata.dcd_rp2040_irq.str1.4
                0x10005388       0x14 CMakeFiles/i2c.dir/C_/pico-sdk/lib/tinyusb/src/portable/raspberrypi/rp2040/dcd_rp2040.c.obj
 .rodata._hw_endpoint_buffer_control_update32.part.0.isra.0.str1.4
                0x1000539c       0x1f CMakeFiles/i2c.dir/C_/pico-sdk/lib/tinyusb/src/portable/raspberrypi/rp2040/rp2040_usb.c.obj
 *fill*         0x100053bb        0x1 
 .rodata.hw_endpoint_xfer_continue.str1.4
                0x100053bc       0x29 CMakeFiles/i2c.dir/C_/pico-sdk/lib/tinyusb/src/portable/raspberrypi/rp2040/rp2040_usb.c.obj
 *fill*         0x100053e5        0x3 
 .rodata.str1.4
                0x100053e8        0x7 CMakeFiles/i2c.dir/C_/pico-sdk/lib/tinyusb/src/portable/raspberrypi/rp2040/rp2040_usb.c.obj
 *fill*         0x100053ef        0x1 
 .rodata.tud_task
                0x100053f0       0x8c CMakeFiles/i2c.dir/C_/pico-sdk/lib/tinyusb/src/device/usbd.c.obj
 .rodata._usbd_driver
                0x1000547c       0x18 CMakeFiles/i2c.dir/C_/pico-sdk/lib/tinyusb/src/device/usbd.c.obj
                0x10005494                . = ALIGN (0x4)
 *(SORT_BY_ALIGNMENT(SORT_BY_NAME(.flashdata*)))
                0x10005494                . = ALIGN (0x4)

.rel.dyn        0x10005494        0x0
 .rel.iplt      0x10005494        0x0 c:/arm-gcc/10.2021.10/bin/../lib/gcc/arm-none-eabi/10.3.1/thumb/v6-m/nofp/crtbegin.o

.ARM.extab
 *(.ARM.extab* .gnu.linkonce.armextab.*)
                0x10005494                __exidx_start = .

.ARM.exidx
 *(.ARM.exidx* .gnu.linkonce.armexidx.*)
                0x10005494                __exidx_end = .
                0x10005494                . = ALIGN (0x4)
                0x10005494                __binary_info_start = .

.binary_info    0x10005494       0x20
 *(.binary_info.keep.*)
 .binary_info.keep.__bi_ptr22
                0x10005494        0x4 CMakeFiles/i2c.dir/C_/pico-sdk/src/rp2_common/pico_standard_link/binary_info.c.obj
 .binary_info.keep.__bi_ptr30
                0x10005498        0x4 CMakeFiles/i2c.dir/C_/pico-sdk/src/rp2_common/pico_standard_link/binary_info.c.obj
 .binary_info.keep.__bi_ptr38
                0x1000549c        0x4 CMakeFiles/i2c.dir/C_/pico-sdk/src/rp2_common/pico_standard_link/binary_info.c.obj
 .binary_info.keep.__bi_ptr44
                0x100054a0        0x4 CMakeFiles/i2c.dir/C_/pico-sdk/src/rp2_common/pico_standard_link/binary_info.c.obj
 .binary_info.keep.__bi_ptr50
                0x100054a4        0x4 CMakeFiles/i2c.dir/C_/pico-sdk/src/rp2_common/pico_standard_link/binary_info.c.obj
 .binary_info.keep.__bi_ptr75
                0x100054a8        0x4 CMakeFiles/i2c.dir/C_/pico-sdk/src/rp2_common/pico_standard_link/binary_info.c.obj
 .binary_info.keep.__bi_ptr81
                0x100054ac        0x4 CMakeFiles/i2c.dir/C_/pico-sdk/src/rp2_common/pico_standard_link/binary_info.c.obj
 *(.binary_info.*)
 .binary_info.__bi_ptr118
                0x100054b0        0x4 CMakeFiles/i2c.dir/C_/pico-sdk/src/rp2_common/pico_stdio_usb/stdio_usb.c.obj
                0x100054b4                __binary_info_end = .
                0x100054b4                . = ALIGN (0x4)
                0x100054b4                __etext = .

.ram_vector_table
                0x20000000       0xc0
 *(.ram_vector_table)
 .ram_vector_table
                0x20000000       0xc0 CMakeFiles/i2c.dir/C_/pico-sdk/src/rp2_common/pico_runtime/runtime.c.obj
                0x20000000                ram_vector_table

.data           0x200000c0      0x3d8 load address 0x100054b4
                0x200000c0                __data_start__ = .
 *(vtable)
 *(.time_critical*)
 .time_critical.mutex_enter_blocking
                0x200000c0       0x48 CMakeFiles/i2c.dir/C_/pico-sdk/src/common/pico_sync/mutex.c.obj
                0x200000c0                mutex_enter_blocking
 .time_critical.mutex_try_enter
                0x20000108       0x44 CMakeFiles/i2c.dir/C_/pico-sdk/src/common/pico_sync/mutex.c.obj
                0x20000108                mutex_try_enter
 .time_critical.mutex_enter_timeout_ms
                0x2000014c       0xa0 CMakeFiles/i2c.dir/C_/pico-sdk/src/common/pico_sync/mutex.c.obj
                0x2000014c                mutex_enter_timeout_ms
 .time_critical.mutex_exit
                0x200001ec       0x28 CMakeFiles/i2c.dir/C_/pico-sdk/src/common/pico_sync/mutex.c.obj
                0x200001ec                mutex_exit
 .time_critical.flash_init_boot2_copyout
                0x20000214       0x30 CMakeFiles/i2c.dir/C_/pico-sdk/src/rp2_common/hardware_flash/flash.c.obj
 .time_critical.flash_enable_xip_via_boot2
                0x20000244       0x10 CMakeFiles/i2c.dir/C_/pico-sdk/src/rp2_common/hardware_flash/flash.c.obj
 .time_critical.flash_cs_force
                0x20000254       0x38 CMakeFiles/i2c.dir/C_/pico-sdk/src/rp2_common/hardware_flash/flash.c.obj
 .time_critical.flash_do_cmd
                0x2000028c       0xc4 CMakeFiles/i2c.dir/C_/pico-sdk/src/rp2_common/hardware_flash/flash.c.obj
                0x2000028c                flash_do_cmd
 *(.text*)
 .text          0x20000350        0x4 c:/arm-gcc/10.2021.10/bin/../lib/gcc/arm-none-eabi/10.3.1/thumb/v6-m/nofp\libgcc.a(_dvmd_tls.o)
                0x20000350                __aeabi_idiv0
                0x20000350                __aeabi_ldiv0
 *fill*         0x20000354        0x4 
 .text.__stub   0x20000358       0x30 linker stubs
                0x20000388                . = ALIGN (0x4)
 *(.rodata*)
                0x20000388                . = ALIGN (0x4)
 *(.data*)
 .data.striped_spin_lock_num
                0x20000388        0x1 CMakeFiles/i2c.dir/C_/pico-sdk/src/rp2_common/hardware_sync/sync.c.obj
 *fill*         0x20000389        0x3 
 .data          0x2000038c       0x48 CMakeFiles/i2c.dir/C_/pico-sdk/src/rp2_common/hardware_irq/irq_handler_chain.S.obj
                0x2000038c                irq_handler_chain_slots
                0x200003bc                irq_handler_chain_first_slot
                0x200003c6                irq_handler_chain_remove_tail
 .data.default_alarm_pool
                0x200003d4       0x18 CMakeFiles/i2c.dir/C_/pico-sdk/src/common/pico_time/time.c.obj
 .data.default_alarm_pool_heap
                0x200003ec       0x10 CMakeFiles/i2c.dir/C_/pico-sdk/src/common/pico_time/time.c.obj
 *fill*         0x200003fc        0x4 
 .data.aeabi_bits_funcs
                0x20000400       0x10 CMakeFiles/i2c.dir/C_/pico-sdk/src/rp2_common/pico_bit_ops/bit_ops_aeabi.S.obj
                0x20000400                aeabi_bits_funcs
                0x20000410                aeabi_bits_funcs_end
 .data.aeabi_mem_funcs
                0x20000410       0x10 CMakeFiles/i2c.dir/C_/pico-sdk/src/rp2_common/pico_mem_ops/mem_ops_aeabi.S.obj
                0x20000410                aeabi_mem_funcs
                0x20000420                aeabi_mem_funcs_end
 .data.stdio_usb
                0x20000420       0x14 CMakeFiles/i2c.dir/C_/pico-sdk/src/rp2_common/pico_stdio_usb/stdio_usb.c.obj
                0x20000420                stdio_usb
 .data.ep_dir_string
                0x20000434        0x8 CMakeFiles/i2c.dir/C_/pico-sdk/lib/tinyusb/src/portable/raspberrypi/rp2040/rp2040_usb.c.obj
                0x20000434                ep_dir_string
 .data._usbd_qdef
                0x2000043c       0x24 CMakeFiles/i2c.dir/C_/pico-sdk/lib/tinyusb/src/device/usbd.c.obj
                0x2000043c                _usbd_qdef
 .data.i2c0_inst
                0x20000460        0x8 CMakeFiles/i2c.dir/C_/pico-sdk/src/rp2_common/hardware_i2c/i2c.c.obj
                0x20000460                i2c0_inst
 .data.i2c1_inst
                0x20000468        0x8 CMakeFiles/i2c.dir/C_/pico-sdk/src/rp2_common/hardware_i2c/i2c.c.obj
                0x20000468                i2c1_inst
                0x20000470                . = ALIGN (0x4)
 *(.after_data.*)
                0x20000470                . = ALIGN (0x4)
                0x20000470                PROVIDE (__mutex_array_start = .)
 *(SORT_BY_NAME(.mutex_array.*))
 *(.mutex_array)
 .mutex_array   0x20000470        0x8 CMakeFiles/i2c.dir/C_/pico-sdk/src/rp2_common/pico_malloc/pico_malloc.c.obj
 .mutex_array   0x20000478        0x8 CMakeFiles/i2c.dir/C_/pico-sdk/src/rp2_common/pico_stdio/stdio.c.obj
                0x20000480                PROVIDE (__mutex_array_end = .)
                0x20000480                . = ALIGN (0x4)
                0x20000480                PROVIDE (__preinit_array_start = .)
 *(SORT_BY_NAME(.preinit_array.*))
 .preinit_array.00001
                0x20000480        0x4 CMakeFiles/i2c.dir/C_/pico-sdk/src/rp2_common/pico_mem_ops/mem_ops_aeabi.S.obj
 .preinit_array.00010
                0x20000484        0x4 CMakeFiles/i2c.dir/C_/pico-sdk/src/rp2_common/pico_bit_ops/bit_ops_aeabi.S.obj
 .preinit_array.00020
                0x20000488        0x4 CMakeFiles/i2c.dir/C_/pico-sdk/src/rp2_common/pico_double/double_aeabi.S.obj
 .preinit_array.00020
                0x2000048c        0x4 CMakeFiles/i2c.dir/C_/pico-sdk/src/rp2_common/pico_float/float_aeabi.S.obj
 *(.preinit_array)
                0x20000490                PROVIDE (__preinit_array_end = .)
                0x20000490                . = ALIGN (0x4)
                0x20000490                PROVIDE (__init_array_start = .)
 *(SORT_BY_NAME(.init_array.*))
 *(.init_array)
 .init_array    0x20000490        0x4 c:/arm-gcc/10.2021.10/bin/../lib/gcc/arm-none-eabi/10.3.1/thumb/v6-m/nofp/crtbegin.o
 .init_array    0x20000494        0x4 CMakeFiles/i2c.dir/C_/pico-sdk/src/rp2_common/pico_unique_id/unique_id.c.obj
                0x20000498                PROVIDE (__init_array_end = .)
                0x20000498                . = ALIGN (0x4)
                [!provide]                PROVIDE (__fini_array_start = .)
 *(SORT_BY_NAME(.fini_array.*))
 *(.fini_array)
                [!provide]                PROVIDE (__fini_array_end = .)
 *(.jcr)
                0x20000498                . = ALIGN (0x4)
                0x20000498                __data_end__ = .

.igot.plt       0x20000498        0x0 load address 0x1000588c
 .igot.plt      0x20000498        0x0 c:/arm-gcc/10.2021.10/bin/../lib/gcc/arm-none-eabi/10.3.1/thumb/v6-m/nofp/crtbegin.o

.uninitialized_data
                0x20000498        0x0 load address 0x1000588c
                0x20000498                . = ALIGN (0x4)
 *(.uninitialized_data*)

.scratch_x      0x20040000        0x0 load address 0x1000588c
                0x20040000                __scratch_x_start__ = .
 *(.scratch_x.*)
                0x20040000                . = ALIGN (0x4)
                0x20040000                __scratch_x_end__ = .
                0x1000588c                __scratch_x_source__ = LOADADDR (.scratch_x)

.scratch_y      0x20041000        0x0 load address 0x1000588c
                0x20041000                __scratch_y_start__ = .
 *(.scratch_y.*)
                0x20041000                . = ALIGN (0x4)
                0x20041000                __scratch_y_end__ = .
                0x1000588c                __scratch_y_source__ = LOADADDR (.scratch_y)

.bss            0x20000498      0xd88
                0x20000498                . = ALIGN (0x4)
                0x20000498                __bss_start__ = .
 *(SORT_BY_ALIGNMENT(SORT_BY_NAME(.bss*)))
 .bss.default_alarm_pool_entries
                0x20000498      0x100 CMakeFiles/i2c.dir/C_/pico-sdk/src/common/pico_time/time.c.obj
 .bss.last_avail_time.1
                0x20000598        0x8 CMakeFiles/i2c.dir/C_/pico-sdk/src/rp2_common/pico_stdio_usb/stdio_usb.c.obj
 .bss.sd_table  0x200005a0      0x100 CMakeFiles/i2c.dir/C_/pico-sdk/src/rp2_common/pico_double/double_init_rom.c.obj
                0x200005a0                sd_table
 .bss.sf_table  0x200006a0      0x100 CMakeFiles/i2c.dir/C_/pico-sdk/src/rp2_common/pico_float/float_init_rom.c.obj
                0x200006a0                sf_table
 .bss           0x200007a0       0x1c c:/arm-gcc/10.2021.10/bin/../lib/gcc/arm-none-eabi/10.3.1/thumb/v6-m/nofp/crtbegin.o
 .bss._app_driver
                0x200007bc        0x4 CMakeFiles/i2c.dir/C_/pico-sdk/lib/tinyusb/src/device/usbd.c.obj
 .bss._cdcd_itf
                0x200007c0      0x2d8 CMakeFiles/i2c.dir/C_/pico-sdk/lib/tinyusb/src/class/cdc/cdc_device.c.obj
 .bss._ctrl_xfer
                0x20000a98       0x14 CMakeFiles/i2c.dir/C_/pico-sdk/lib/tinyusb/src/device/usbd_control.c.obj
 .bss._ubsd_mutexdef
                0x20000aac        0x8 CMakeFiles/i2c.dir/C_/pico-sdk/lib/tinyusb/src/device/usbd.c.obj
 .bss._usbd_ctrl_buf
                0x20000ab4       0x40 CMakeFiles/i2c.dir/C_/pico-sdk/lib/tinyusb/src/device/usbd_control.c.obj
 .bss._usbd_dev
                0x20000af4       0x53 CMakeFiles/i2c.dir/C_/pico-sdk/lib/tinyusb/src/device/usbd.c.obj
 *fill*         0x20000b47        0x1 
 .bss._usbd_mutex
                0x20000b48        0x4 CMakeFiles/i2c.dir/C_/pico-sdk/lib/tinyusb/src/device/usbd.c.obj
 .bss._usbd_q   0x20000b4c        0x4 CMakeFiles/i2c.dir/C_/pico-sdk/lib/tinyusb/src/device/usbd.c.obj
 .bss._usbd_qdef_buf
                0x20000b50       0xc0 CMakeFiles/i2c.dir/C_/pico-sdk/lib/tinyusb/src/device/usbd.c.obj
                0x20000b50                _usbd_qdef_buf
 .bss.alarm_callbacks
                0x20000c10       0x10 CMakeFiles/i2c.dir/C_/pico-sdk/src/rp2_common/hardware_timer/timer.c.obj
 .bss.boot2_copyout
                0x20000c20      0x100 CMakeFiles/i2c.dir/C_/pico-sdk/src/rp2_common/hardware_flash/flash.c.obj
 .bss.claimed   0x20000d20        0x4 CMakeFiles/i2c.dir/C_/pico-sdk/src/rp2_common/hardware_sync/sync.c.obj
 .bss.configured_freq
                0x20000d24       0x28 CMakeFiles/i2c.dir/C_/pico-sdk/src/rp2_common/hardware_clocks/clocks.c.obj
 .bss.default_alarm_pool_entry_ids_high
                0x20000d4c       0x10 CMakeFiles/i2c.dir/C_/pico-sdk/src/common/pico_time/time.c.obj
 .bss.default_alarm_pool_heap_nodes
                0x20000d5c       0x30 CMakeFiles/i2c.dir/C_/pico-sdk/src/common/pico_time/time.c.obj
 .bss.desc_str.0
                0x20000d8c       0x28 CMakeFiles/i2c.dir/C_/pico-sdk/src/rp2_common/pico_stdio_usb/stdio_usb_descriptors.c.obj
 .bss.drivers   0x20000db4        0x4 CMakeFiles/i2c.dir/C_/pico-sdk/src/rp2_common/pico_stdio/stdio.c.obj
 .bss.filter    0x20000db8        0x4 CMakeFiles/i2c.dir/C_/pico-sdk/src/rp2_common/pico_stdio/stdio.c.obj
 .bss.hw_endpoints
                0x20000dbc      0x400 CMakeFiles/i2c.dir/C_/pico-sdk/lib/tinyusb/src/portable/raspberrypi/rp2040/dcd_rp2040.c.obj
 .bss.lazy_vsnprintf
                0x200011bc        0x4 CMakeFiles/i2c.dir/C_/pico-sdk/src/rp2_common/pico_printf/printf.c.obj
 .bss.load_value
                0x200011c0        0x4 CMakeFiles/i2c.dir/C_/pico-sdk/src/rp2_common/hardware_watchdog/watchdog.c.obj
 .bss.next_buffer_ptr
                0x200011c4        0x4 CMakeFiles/i2c.dir/C_/pico-sdk/lib/tinyusb/src/portable/raspberrypi/rp2040/dcd_rp2040.c.obj
 .bss.pools     0x200011c8       0x10 CMakeFiles/i2c.dir/C_/pico-sdk/src/common/pico_time/time.c.obj
 .bss.retrieved_id
                0x200011d8        0x8 CMakeFiles/i2c.dir/C_/pico-sdk/src/rp2_common/pico_unique_id/unique_id.c.obj
 .bss.sf_clz_func
                0x200011e0        0x4 CMakeFiles/i2c.dir/C_/pico-sdk/src/rp2_common/pico_double/double_init_rom.c.obj
                0x200011e0                sf_clz_func
 .bss.sleep_notifier
                0x200011e4        0x4 CMakeFiles/i2c.dir/C_/pico-sdk/src/common/pico_time/time.c.obj
 .bss.stdio_usb_mutex
                0x200011e8        0x8 CMakeFiles/i2c.dir/C_/pico-sdk/src/rp2_common/pico_stdio_usb/stdio_usb.c.obj
 .bss.target_hi
                0x200011f0       0x10 CMakeFiles/i2c.dir/C_/pico-sdk/src/rp2_common/hardware_timer/timer.c.obj
 .bss.usbd_serial_str
                0x20001200       0x11 CMakeFiles/i2c.dir/C_/pico-sdk/src/rp2_common/pico_stdio_usb/stdio_usb_descriptors.c.obj
 *fill*         0x20001211        0x3 
 .bss.user_irq_claimed
                0x20001214        0x2 CMakeFiles/i2c.dir/C_/pico-sdk/src/rp2_common/hardware_irq/irq.c.obj
 .bss._app_driver_count
                0x20001216        0x1 CMakeFiles/i2c.dir/C_/pico-sdk/lib/tinyusb/src/device/usbd.c.obj
 .bss._usbd_initialized
                0x20001217        0x1 CMakeFiles/i2c.dir/C_/pico-sdk/lib/tinyusb/src/device/usbd.c.obj
 .bss.boot2_copyout_valid
                0x20001218        0x1 CMakeFiles/i2c.dir/C_/pico-sdk/src/rp2_common/hardware_flash/flash.c.obj
 .bss.claimed   0x20001219        0x1 CMakeFiles/i2c.dir/C_/pico-sdk/src/rp2_common/hardware_timer/timer.c.obj
 .bss.irq_hander_chain_free_slot_head
                0x2000121a        0x1 CMakeFiles/i2c.dir/C_/pico-sdk/src/rp2_common/hardware_irq/irq.c.obj
 .bss.itf_num   0x2000121b        0x1 CMakeFiles/i2c.dir/C_/pico-sdk/src/rp2_common/pico_stdio_usb/reset_interface.c.obj
 .bss.low_priority_irq_num
                0x2000121c        0x1 CMakeFiles/i2c.dir/C_/pico-sdk/src/rp2_common/pico_stdio_usb/stdio_usb.c.obj
 .bss.timer_callbacks_pending
                0x2000121d        0x1 CMakeFiles/i2c.dir/C_/pico-sdk/src/rp2_common/hardware_timer/timer.c.obj
 *(COMMON)
                0x20001220                . = ALIGN (0x4)
 *fill*         0x2000121e        0x2 
                0x20001220                __bss_end__ = .

.heap           0x20001220      0x800
                0x20001220                __end__ = .
                0x20001220                end = __end__
 *(.heap*)
 .heap          0x20001220      0x800 CMakeFiles/i2c.dir/C_/pico-sdk/src/rp2_common/pico_standard_link/crt0.S.obj
                0x20001a20                __HeapLimit = .

.stack1_dummy   0x20040000      0x800
 *(.stack1*)
 .stack1        0x20040000      0x800 CMakeFiles/i2c.dir/C_/pico-sdk/src/rp2_common/pico_multicore/multicore.c.obj

.stack_dummy    0x20041000      0x800
 *(.stack*)
 .stack         0x20041000      0x800 CMakeFiles/i2c.dir/C_/pico-sdk/src/rp2_common/pico_standard_link/crt0.S.obj

.flash_end      0x1000588c        0x0
                0x1000588c                __flash_binary_end = .
                0x20040000                __StackLimit = (ORIGIN (RAM) + LENGTH (RAM))
                0x20041000                __StackOneTop = (ORIGIN (SCRATCH_X) + LENGTH (SCRATCH_X))
                0x20042000                __StackTop = (ORIGIN (SCRATCH_Y) + LENGTH (SCRATCH_Y))
                0x20040800                __StackOneBottom = (__StackOneTop - SIZEOF (.stack1_dummy))
                0x20041800                __StackBottom = (__StackTop - SIZEOF (.stack_dummy))
                0x20042000                PROVIDE (__stack = __StackTop)
                0x00000001                ASSERT ((__StackLimit >= __HeapLimit), region RAM overflowed)
                0x00000001                ASSERT (((__binary_info_header_end - __logical_binary_start) <= 0x100), Binary info must be in first 256 bytes of the binary)
LOAD CMakeFiles/i2c.dir/main.c.obj
LOAD CMakeFiles/i2c.dir/C_/pico-sdk/src/rp2_common/pico_stdlib/stdlib.c.obj
LOAD CMakeFiles/i2c.dir/C_/pico-sdk/src/rp2_common/hardware_gpio/gpio.c.obj
LOAD CMakeFiles/i2c.dir/C_/pico-sdk/src/rp2_common/hardware_claim/claim.c.obj
LOAD CMakeFiles/i2c.dir/C_/pico-sdk/src/rp2_common/pico_platform/platform.c.obj
LOAD CMakeFiles/i2c.dir/C_/pico-sdk/src/rp2_common/hardware_sync/sync.c.obj
LOAD CMakeFiles/i2c.dir/C_/pico-sdk/src/rp2_common/hardware_irq/irq.c.obj
LOAD CMakeFiles/i2c.dir/C_/pico-sdk/src/rp2_common/hardware_irq/irq_handler_chain.S.obj
LOAD CMakeFiles/i2c.dir/C_/pico-sdk/src/common/pico_sync/sem.c.obj
LOAD CMakeFiles/i2c.dir/C_/pico-sdk/src/common/pico_sync/lock_core.c.obj
LOAD CMakeFiles/i2c.dir/C_/pico-sdk/src/common/pico_time/time.c.obj
LOAD CMakeFiles/i2c.dir/C_/pico-sdk/src/common/pico_time/timeout_helper.c.obj
LOAD CMakeFiles/i2c.dir/C_/pico-sdk/src/rp2_common/hardware_timer/timer.c.obj
LOAD CMakeFiles/i2c.dir/C_/pico-sdk/src/common/pico_util/datetime.c.obj
LOAD CMakeFiles/i2c.dir/C_/pico-sdk/src/common/pico_util/pheap.c.obj
LOAD CMakeFiles/i2c.dir/C_/pico-sdk/src/common/pico_util/queue.c.obj
LOAD CMakeFiles/i2c.dir/C_/pico-sdk/src/common/pico_sync/mutex.c.obj
LOAD CMakeFiles/i2c.dir/C_/pico-sdk/src/common/pico_sync/critical_section.c.obj
LOAD CMakeFiles/i2c.dir/C_/pico-sdk/src/rp2_common/hardware_uart/uart.c.obj
LOAD CMakeFiles/i2c.dir/C_/pico-sdk/src/rp2_common/hardware_divider/divider.S.obj
LOAD CMakeFiles/i2c.dir/C_/pico-sdk/src/rp2_common/pico_runtime/runtime.c.obj
LOAD CMakeFiles/i2c.dir/C_/pico-sdk/src/rp2_common/hardware_clocks/clocks.c.obj
LOAD CMakeFiles/i2c.dir/C_/pico-sdk/src/rp2_common/hardware_pll/pll.c.obj
LOAD CMakeFiles/i2c.dir/C_/pico-sdk/src/rp2_common/hardware_vreg/vreg.c.obj
LOAD CMakeFiles/i2c.dir/C_/pico-sdk/src/rp2_common/hardware_watchdog/watchdog.c.obj
LOAD CMakeFiles/i2c.dir/C_/pico-sdk/src/rp2_common/hardware_xosc/xosc.c.obj
LOAD CMakeFiles/i2c.dir/C_/pico-sdk/src/rp2_common/pico_printf/printf.c.obj
LOAD CMakeFiles/i2c.dir/C_/pico-sdk/src/rp2_common/pico_bit_ops/bit_ops_aeabi.S.obj
LOAD CMakeFiles/i2c.dir/C_/pico-sdk/src/rp2_common/pico_bootrom/bootrom.c.obj
LOAD CMakeFiles/i2c.dir/C_/pico-sdk/src/rp2_common/pico_divider/divider.S.obj
LOAD CMakeFiles/i2c.dir/C_/pico-sdk/src/rp2_common/pico_double/double_aeabi.S.obj
LOAD CMakeFiles/i2c.dir/C_/pico-sdk/src/rp2_common/pico_double/double_init_rom.c.obj
LOAD CMakeFiles/i2c.dir/C_/pico-sdk/src/rp2_common/pico_double/double_math.c.obj
LOAD CMakeFiles/i2c.dir/C_/pico-sdk/src/rp2_common/pico_double/double_v1_rom_shim.S.obj
LOAD CMakeFiles/i2c.dir/C_/pico-sdk/src/rp2_common/pico_int64_ops/pico_int64_ops_aeabi.S.obj
LOAD CMakeFiles/i2c.dir/C_/pico-sdk/src/rp2_common/pico_float/float_aeabi.S.obj
LOAD CMakeFiles/i2c.dir/C_/pico-sdk/src/rp2_common/pico_float/float_init_rom.c.obj
LOAD CMakeFiles/i2c.dir/C_/pico-sdk/src/rp2_common/pico_float/float_math.c.obj
LOAD CMakeFiles/i2c.dir/C_/pico-sdk/src/rp2_common/pico_float/float_v1_rom_shim.S.obj
LOAD CMakeFiles/i2c.dir/C_/pico-sdk/src/rp2_common/pico_malloc/pico_malloc.c.obj
LOAD CMakeFiles/i2c.dir/C_/pico-sdk/src/rp2_common/pico_mem_ops/mem_ops_aeabi.S.obj
LOAD CMakeFiles/i2c.dir/C_/pico-sdk/src/rp2_common/pico_standard_link/crt0.S.obj
LOAD CMakeFiles/i2c.dir/C_/pico-sdk/src/rp2_common/pico_standard_link/new_delete.cpp.obj
LOAD CMakeFiles/i2c.dir/C_/pico-sdk/src/rp2_common/pico_standard_link/binary_info.c.obj
LOAD CMakeFiles/i2c.dir/C_/pico-sdk/src/rp2_common/pico_stdio/stdio.c.obj
LOAD CMakeFiles/i2c.dir/C_/pico-sdk/src/rp2_common/pico_stdio_usb/reset_interface.c.obj
LOAD CMakeFiles/i2c.dir/C_/pico-sdk/src/rp2_common/pico_stdio_usb/stdio_usb.c.obj
LOAD CMakeFiles/i2c.dir/C_/pico-sdk/src/rp2_common/pico_stdio_usb/stdio_usb_descriptors.c.obj
LOAD CMakeFiles/i2c.dir/C_/pico-sdk/lib/tinyusb/src/portable/raspberrypi/rp2040/dcd_rp2040.c.obj
LOAD CMakeFiles/i2c.dir/C_/pico-sdk/lib/tinyusb/src/portable/raspberrypi/rp2040/rp2040_usb.c.obj
LOAD CMakeFiles/i2c.dir/C_/pico-sdk/lib/tinyusb/src/device/usbd.c.obj
LOAD CMakeFiles/i2c.dir/C_/pico-sdk/lib/tinyusb/src/device/usbd_control.c.obj
LOAD CMakeFiles/i2c.dir/C_/pico-sdk/lib/tinyusb/src/class/audio/audio_device.c.obj
LOAD CMakeFiles/i2c.dir/C_/pico-sdk/lib/tinyusb/src/class/cdc/cdc_device.c.obj
LOAD CMakeFiles/i2c.dir/C_/pico-sdk/lib/tinyusb/src/class/dfu/dfu_device.c.obj
LOAD CMakeFiles/i2c.dir/C_/pico-sdk/lib/tinyusb/src/class/dfu/dfu_rt_device.c.obj
LOAD CMakeFiles/i2c.dir/C_/pico-sdk/lib/tinyusb/src/class/hid/hid_device.c.obj
LOAD CMakeFiles/i2c.dir/C_/pico-sdk/lib/tinyusb/src/class/midi/midi_device.c.obj
LOAD CMakeFiles/i2c.dir/C_/pico-sdk/lib/tinyusb/src/class/msc/msc_device.c.obj
LOAD CMakeFiles/i2c.dir/C_/pico-sdk/lib/tinyusb/src/class/net/ecm_rndis_device.c.obj
LOAD CMakeFiles/i2c.dir/C_/pico-sdk/lib/tinyusb/src/class/net/ncm_device.c.obj
LOAD CMakeFiles/i2c.dir/C_/pico-sdk/lib/tinyusb/src/class/usbtmc/usbtmc_device.c.obj
LOAD CMakeFiles/i2c.dir/C_/pico-sdk/lib/tinyusb/src/class/vendor/vendor_device.c.obj
LOAD CMakeFiles/i2c.dir/C_/pico-sdk/lib/tinyusb/src/class/video/video_device.c.obj
LOAD CMakeFiles/i2c.dir/C_/pico-sdk/lib/tinyusb/src/tusb.c.obj
LOAD CMakeFiles/i2c.dir/C_/pico-sdk/lib/tinyusb/src/common/tusb_fifo.c.obj
LOAD CMakeFiles/i2c.dir/C_/pico-sdk/src/rp2_common/pico_fix/rp2040_usb_device_enumeration/rp2040_usb_device_enumeration.c.obj
LOAD CMakeFiles/i2c.dir/C_/pico-sdk/src/rp2_common/pico_unique_id/unique_id.c.obj
LOAD CMakeFiles/i2c.dir/C_/pico-sdk/src/rp2_common/hardware_flash/flash.c.obj
LOAD CMakeFiles/i2c.dir/C_/pico-sdk/src/rp2_common/hardware_i2c/i2c.c.obj
LOAD CMakeFiles/i2c.dir/C_/pico-sdk/src/rp2_common/pico_multicore/multicore.c.obj
LOAD C:\Users\Cristian\AppData\Local\Temp\cccAKqel.o
LOAD c:/arm-gcc/10.2021.10/bin/../lib/gcc/arm-none-eabi/10.3.1/../../../../arm-none-eabi/lib/thumb/v6-m/nofp\libstdc++.a
LOAD c:/arm-gcc/10.2021.10/bin/../lib/gcc/arm-none-eabi/10.3.1/../../../../arm-none-eabi/lib/thumb/v6-m/nofp\libm.a
START GROUP
LOAD c:/arm-gcc/10.2021.10/bin/../lib/gcc/arm-none-eabi/10.3.1/thumb/v6-m/nofp\libgcc.a
LOAD c:/arm-gcc/10.2021.10/bin/../lib/gcc/arm-none-eabi/10.3.1/../../../../arm-none-eabi/lib/thumb/v6-m/nofp\libc.a
END GROUP
START GROUP
LOAD c:/arm-gcc/10.2021.10/bin/../lib/gcc/arm-none-eabi/10.3.1/thumb/v6-m/nofp\libgcc.a
LOAD c:/arm-gcc/10.2021.10/bin/../lib/gcc/arm-none-eabi/10.3.1/../../../../arm-none-eabi/lib/thumb/v6-m/nofp\libc.a
LOAD c:/arm-gcc/10.2021.10/bin/../lib/gcc/arm-none-eabi/10.3.1/../../../../arm-none-eabi/lib/thumb/v6-m/nofp\libnosys.a
END GROUP
LOAD c:/arm-gcc/10.2021.10/bin/../lib/gcc/arm-none-eabi/10.3.1/thumb/v6-m/nofp/crtend.o
LOAD c:/arm-gcc/10.2021.10/bin/../lib/gcc/arm-none-eabi/10.3.1/thumb/v6-m/nofp/crtn.o
OUTPUT(i2c.elf elf32-littlearm)
LOAD linker stubs

.ARM.attributes
                0x00000000       0x28
 .ARM.attributes
                0x00000000       0x1e c:/arm-gcc/10.2021.10/bin/../lib/gcc/arm-none-eabi/10.3.1/thumb/v6-m/nofp/crti.o
 .ARM.attributes
                0x0000001e       0x2c c:/arm-gcc/10.2021.10/bin/../lib/gcc/arm-none-eabi/10.3.1/thumb/v6-m/nofp/crtbegin.o
 .ARM.attributes
                0x0000004a       0x2c CMakeFiles/i2c.dir/main.c.obj
 .ARM.attributes
                0x00000076       0x2c CMakeFiles/i2c.dir/C_/pico-sdk/src/rp2_common/hardware_gpio/gpio.c.obj
 .ARM.attributes
                0x000000a2       0x2c CMakeFiles/i2c.dir/C_/pico-sdk/src/rp2_common/hardware_claim/claim.c.obj
 .ARM.attributes
                0x000000ce       0x2c CMakeFiles/i2c.dir/C_/pico-sdk/src/rp2_common/pico_platform/platform.c.obj
 .ARM.attributes
                0x000000fa       0x2c CMakeFiles/i2c.dir/C_/pico-sdk/src/rp2_common/hardware_sync/sync.c.obj
 .ARM.attributes
                0x00000126       0x2c CMakeFiles/i2c.dir/C_/pico-sdk/src/rp2_common/hardware_irq/irq.c.obj
 .ARM.attributes
                0x00000152       0x22 CMakeFiles/i2c.dir/C_/pico-sdk/src/rp2_common/hardware_irq/irq_handler_chain.S.obj
 .ARM.attributes
                0x00000174       0x2c CMakeFiles/i2c.dir/C_/pico-sdk/src/common/pico_sync/lock_core.c.obj
 .ARM.attributes
                0x000001a0       0x2c CMakeFiles/i2c.dir/C_/pico-sdk/src/common/pico_time/time.c.obj
 .ARM.attributes
                0x000001cc       0x2c CMakeFiles/i2c.dir/C_/pico-sdk/src/rp2_common/hardware_timer/timer.c.obj
 .ARM.attributes
                0x000001f8       0x2c CMakeFiles/i2c.dir/C_/pico-sdk/src/common/pico_util/pheap.c.obj
 .ARM.attributes
                0x00000224       0x2c CMakeFiles/i2c.dir/C_/pico-sdk/src/common/pico_sync/mutex.c.obj
 .ARM.attributes
                0x00000250       0x2c CMakeFiles/i2c.dir/C_/pico-sdk/src/common/pico_sync/critical_section.c.obj
 .ARM.attributes
                0x0000027c       0x2c CMakeFiles/i2c.dir/C_/pico-sdk/src/rp2_common/pico_runtime/runtime.c.obj
 .ARM.attributes
                0x000002a8       0x2c CMakeFiles/i2c.dir/C_/pico-sdk/src/rp2_common/hardware_clocks/clocks.c.obj
 .ARM.attributes
                0x000002d4       0x2c CMakeFiles/i2c.dir/C_/pico-sdk/src/rp2_common/hardware_pll/pll.c.obj
 .ARM.attributes
                0x00000300       0x2c CMakeFiles/i2c.dir/C_/pico-sdk/src/rp2_common/hardware_watchdog/watchdog.c.obj
 .ARM.attributes
                0x0000032c       0x2c CMakeFiles/i2c.dir/C_/pico-sdk/src/rp2_common/hardware_xosc/xosc.c.obj
 .ARM.attributes
                0x00000358       0x2c CMakeFiles/i2c.dir/C_/pico-sdk/src/rp2_common/pico_printf/printf.c.obj
 .ARM.attributes
                0x00000384       0x22 CMakeFiles/i2c.dir/C_/pico-sdk/src/rp2_common/pico_bit_ops/bit_ops_aeabi.S.obj
 .ARM.attributes
                0x000003a6       0x2c CMakeFiles/i2c.dir/C_/pico-sdk/src/rp2_common/pico_bootrom/bootrom.c.obj
 .ARM.attributes
                0x000003d2       0x22 CMakeFiles/i2c.dir/C_/pico-sdk/src/rp2_common/pico_divider/divider.S.obj
 .ARM.attributes
                0x000003f4       0x22 CMakeFiles/i2c.dir/C_/pico-sdk/src/rp2_common/pico_double/double_aeabi.S.obj
 .ARM.attributes
                0x00000416       0x2c CMakeFiles/i2c.dir/C_/pico-sdk/src/rp2_common/pico_double/double_init_rom.c.obj
 .ARM.attributes
                0x00000442       0x22 CMakeFiles/i2c.dir/C_/pico-sdk/src/rp2_common/pico_double/double_v1_rom_shim.S.obj
 .ARM.attributes
                0x00000464       0x22 CMakeFiles/i2c.dir/C_/pico-sdk/src/rp2_common/pico_int64_ops/pico_int64_ops_aeabi.S.obj
 .ARM.attributes
                0x00000486       0x22 CMakeFiles/i2c.dir/C_/pico-sdk/src/rp2_common/pico_float/float_aeabi.S.obj
 .ARM.attributes
                0x000004a8       0x2c CMakeFiles/i2c.dir/C_/pico-sdk/src/rp2_common/pico_float/float_init_rom.c.obj
 .ARM.attributes
                0x000004d4       0x22 CMakeFiles/i2c.dir/C_/pico-sdk/src/rp2_common/pico_float/float_v1_rom_shim.S.obj
 .ARM.attributes
                0x000004f6       0x2c CMakeFiles/i2c.dir/C_/pico-sdk/src/rp2_common/pico_malloc/pico_malloc.c.obj
 .ARM.attributes
                0x00000522       0x22 CMakeFiles/i2c.dir/C_/pico-sdk/src/rp2_common/pico_mem_ops/mem_ops_aeabi.S.obj
 .ARM.attributes
                0x00000544       0x22 CMakeFiles/i2c.dir/C_/pico-sdk/src/rp2_common/pico_standard_link/crt0.S.obj
 .ARM.attributes
                0x00000566       0x2c CMakeFiles/i2c.dir/C_/pico-sdk/src/rp2_common/pico_standard_link/binary_info.c.obj
 .ARM.attributes
                0x00000592       0x2c CMakeFiles/i2c.dir/C_/pico-sdk/src/rp2_common/pico_stdio/stdio.c.obj
 .ARM.attributes
                0x000005be       0x2c CMakeFiles/i2c.dir/C_/pico-sdk/src/rp2_common/pico_stdio_usb/reset_interface.c.obj
 .ARM.attributes
                0x000005ea       0x2c CMakeFiles/i2c.dir/C_/pico-sdk/src/rp2_common/pico_stdio_usb/stdio_usb.c.obj
 .ARM.attributes
                0x00000616       0x2c CMakeFiles/i2c.dir/C_/pico-sdk/src/rp2_common/pico_stdio_usb/stdio_usb_descriptors.c.obj
 .ARM.attributes
                0x00000642       0x2c CMakeFiles/i2c.dir/C_/pico-sdk/lib/tinyusb/src/portable/raspberrypi/rp2040/dcd_rp2040.c.obj
 .ARM.attributes
                0x0000066e       0x2c CMakeFiles/i2c.dir/C_/pico-sdk/lib/tinyusb/src/portable/raspberrypi/rp2040/rp2040_usb.c.obj
 .ARM.attributes
                0x0000069a       0x2c CMakeFiles/i2c.dir/C_/pico-sdk/lib/tinyusb/src/device/usbd.c.obj
 .ARM.attributes
                0x000006c6       0x2c CMakeFiles/i2c.dir/C_/pico-sdk/lib/tinyusb/src/device/usbd_control.c.obj
 .ARM.attributes
                0x000006f2       0x2c CMakeFiles/i2c.dir/C_/pico-sdk/lib/tinyusb/src/class/cdc/cdc_device.c.obj
 .ARM.attributes
                0x0000071e       0x2c CMakeFiles/i2c.dir/C_/pico-sdk/lib/tinyusb/src/tusb.c.obj
 .ARM.attributes
                0x0000074a       0x2c CMakeFiles/i2c.dir/C_/pico-sdk/lib/tinyusb/src/common/tusb_fifo.c.obj
 .ARM.attributes
                0x00000776       0x2c CMakeFiles/i2c.dir/C_/pico-sdk/src/rp2_common/pico_unique_id/unique_id.c.obj
 .ARM.attributes
                0x000007a2       0x2c CMakeFiles/i2c.dir/C_/pico-sdk/src/rp2_common/hardware_flash/flash.c.obj
 .ARM.attributes
                0x000007ce       0x2c CMakeFiles/i2c.dir/C_/pico-sdk/src/rp2_common/hardware_i2c/i2c.c.obj
 .ARM.attributes
                0x000007fa       0x2c CMakeFiles/i2c.dir/C_/pico-sdk/src/rp2_common/pico_multicore/multicore.c.obj
 .ARM.attributes
                0x00000826       0x22 C:\Users\Cristian\AppData\Local\Temp\cccAKqel.o
 .ARM.attributes
                0x00000848       0x1e c:/arm-gcc/10.2021.10/bin/../lib/gcc/arm-none-eabi/10.3.1/thumb/v6-m/nofp\libgcc.a(_dvmd_tls.o)
 .ARM.attributes
                0x00000866       0x2c c:/arm-gcc/10.2021.10/bin/../lib/gcc/arm-none-eabi/10.3.1/../../../../arm-none-eabi/lib/thumb/v6-m/nofp\libc.a(lib_a-strlen-stub.o)

.comment        0x00000000       0x49
 .comment       0x00000000       0x49 CMakeFiles/i2c.dir/main.c.obj
                                 0x4a (size before relaxing)
 .comment       0x00000049       0x4a CMakeFiles/i2c.dir/C_/pico-sdk/src/rp2_common/hardware_gpio/gpio.c.obj
 .comment       0x00000049       0x4a CMakeFiles/i2c.dir/C_/pico-sdk/src/rp2_common/hardware_claim/claim.c.obj
 .comment       0x00000049       0x4a CMakeFiles/i2c.dir/C_/pico-sdk/src/rp2_common/pico_platform/platform.c.obj
 .comment       0x00000049       0x4a CMakeFiles/i2c.dir/C_/pico-sdk/src/rp2_common/hardware_sync/sync.c.obj
 .comment       0x00000049       0x4a CMakeFiles/i2c.dir/C_/pico-sdk/src/rp2_common/hardware_irq/irq.c.obj
 .comment       0x00000049       0x4a CMakeFiles/i2c.dir/C_/pico-sdk/src/common/pico_sync/lock_core.c.obj
 .comment       0x00000049       0x4a CMakeFiles/i2c.dir/C_/pico-sdk/src/common/pico_time/time.c.obj
 .comment       0x00000049       0x4a CMakeFiles/i2c.dir/C_/pico-sdk/src/rp2_common/hardware_timer/timer.c.obj
 .comment       0x00000049       0x4a CMakeFiles/i2c.dir/C_/pico-sdk/src/common/pico_util/pheap.c.obj
 .comment       0x00000049       0x4a CMakeFiles/i2c.dir/C_/pico-sdk/src/common/pico_sync/mutex.c.obj
 .comment       0x00000049       0x4a CMakeFiles/i2c.dir/C_/pico-sdk/src/common/pico_sync/critical_section.c.obj
 .comment       0x00000049       0x4a CMakeFiles/i2c.dir/C_/pico-sdk/src/rp2_common/pico_runtime/runtime.c.obj
 .comment       0x00000049       0x4a CMakeFiles/i2c.dir/C_/pico-sdk/src/rp2_common/hardware_clocks/clocks.c.obj
 .comment       0x00000049       0x4a CMakeFiles/i2c.dir/C_/pico-sdk/src/rp2_common/hardware_pll/pll.c.obj
 .comment       0x00000049       0x4a CMakeFiles/i2c.dir/C_/pico-sdk/src/rp2_common/hardware_watchdog/watchdog.c.obj
 .comment       0x00000049       0x4a CMakeFiles/i2c.dir/C_/pico-sdk/src/rp2_common/hardware_xosc/xosc.c.obj
 .comment       0x00000049       0x4a CMakeFiles/i2c.dir/C_/pico-sdk/src/rp2_common/pico_printf/printf.c.obj
 .comment       0x00000049       0x4a CMakeFiles/i2c.dir/C_/pico-sdk/src/rp2_common/pico_bootrom/bootrom.c.obj
 .comment       0x00000049       0x4a CMakeFiles/i2c.dir/C_/pico-sdk/src/rp2_common/pico_double/double_init_rom.c.obj
 .comment       0x00000049       0x4a CMakeFiles/i2c.dir/C_/pico-sdk/src/rp2_common/pico_float/float_init_rom.c.obj
 .comment       0x00000049       0x4a CMakeFiles/i2c.dir/C_/pico-sdk/src/rp2_common/pico_malloc/pico_malloc.c.obj
 .comment       0x00000049       0x4a CMakeFiles/i2c.dir/C_/pico-sdk/src/rp2_common/pico_standard_link/binary_info.c.obj
 .comment       0x00000049       0x4a CMakeFiles/i2c.dir/C_/pico-sdk/src/rp2_common/pico_stdio/stdio.c.obj
 .comment       0x00000049       0x4a CMakeFiles/i2c.dir/C_/pico-sdk/src/rp2_common/pico_stdio_usb/reset_interface.c.obj
 .comment       0x00000049       0x4a CMakeFiles/i2c.dir/C_/pico-sdk/src/rp2_common/pico_stdio_usb/stdio_usb.c.obj
 .comment       0x00000049       0x4a CMakeFiles/i2c.dir/C_/pico-sdk/src/rp2_common/pico_stdio_usb/stdio_usb_descriptors.c.obj
 .comment       0x00000049       0x4a CMakeFiles/i2c.dir/C_/pico-sdk/lib/tinyusb/src/portable/raspberrypi/rp2040/dcd_rp2040.c.obj
 .comment       0x00000049       0x4a CMakeFiles/i2c.dir/C_/pico-sdk/lib/tinyusb/src/portable/raspberrypi/rp2040/rp2040_usb.c.obj
 .comment       0x00000049       0x4a CMakeFiles/i2c.dir/C_/pico-sdk/lib/tinyusb/src/device/usbd.c.obj
 .comment       0x00000049       0x4a CMakeFiles/i2c.dir/C_/pico-sdk/lib/tinyusb/src/device/usbd_control.c.obj
 .comment       0x00000049       0x4a CMakeFiles/i2c.dir/C_/pico-sdk/lib/tinyusb/src/class/cdc/cdc_device.c.obj
 .comment       0x00000049       0x4a CMakeFiles/i2c.dir/C_/pico-sdk/lib/tinyusb/src/tusb.c.obj
 .comment       0x00000049       0x4a CMakeFiles/i2c.dir/C_/pico-sdk/lib/tinyusb/src/common/tusb_fifo.c.obj
 .comment       0x00000049       0x4a CMakeFiles/i2c.dir/C_/pico-sdk/src/rp2_common/pico_unique_id/unique_id.c.obj
 .comment       0x00000049       0x4a CMakeFiles/i2c.dir/C_/pico-sdk/src/rp2_common/hardware_flash/flash.c.obj
 .comment       0x00000049       0x4a CMakeFiles/i2c.dir/C_/pico-sdk/src/rp2_common/hardware_i2c/i2c.c.obj
 .comment       0x00000049       0x4a CMakeFiles/i2c.dir/C_/pico-sdk/src/rp2_common/pico_multicore/multicore.c.obj

.debug_frame    0x00000000       0x28
 .debug_frame   0x00000000       0x28 c:/arm-gcc/10.2021.10/bin/../lib/gcc/arm-none-eabi/10.3.1/../../../../arm-none-eabi/lib/thumb/v6-m/nofp\libc.a(lib_a-strlen-stub.o)
